[INFO] Unity: /Applications/Unity/Hub/Editor/2022.3.62f2/Unity.app/Contents/MacOS/Unity
[INFO] Project: /Users/ah/GitHub/hybridclr/hybridclr_demo_shadow
[INFO] Method: AssemblyShadowDemo.Editor.M06Build.BuildFixtures
[INFO] Log: /Users/ah/GitHub/hybridclr/hybridclr_demo_shadow/_temp/UnityExec_20260906_041955.log
[SUCCESS] Unity method completed.

=== Log Tail ===
[Performance] DidReloadScriptsTestRunnerWindow.CompilationCallback                                                                 :        1 samples, Peak.   152 us (1.0x), Avg.   152 us, Total. 152.4 us (0.0%)
[Performance] DidReloadScriptsTestListCache.ScriptReloaded                                                                         :        1 samples, Peak.   809 us (1.0x), Avg.   809 us, Total. 809.3 us (0.0%)
[Performance] DidReloadScriptsLookDev.OnEditorReload                                                                               :        1 samples, Peak.   157 us (1.0x), Avg.   157 us, Total. 156.9 us (0.0%)
[Performance] DidReloadScriptsDebugWindow.OnEditorReload                                                                           :        1 samples, Peak.  6.51 ms (1.0x), Avg.  6.51 ms, Total. 6.514 ms (0.0%)
[Performance] DidReloadScriptsVolumeComponentEditor.OnEditorReload                                                                 :        1 samples, Peak.  8.15 ms (1.0x), Avg.  8.15 ms, Total. 8.146 ms (0.0%)
[Performance] DidReloadScriptsAdvancedDropdownWindow.OnScriptReload                                                                :        1 samples, Peak.   166 us (1.0x), Avg.   166 us, Total. 165.8 us (0.0%)
[Performance] AssemblyReloadEvents.afterAssemblyReload: callback in MCPForUnity.Editor.Services.EditorStateCache                   :        1 samples, Peak.   354 us (1.0x), Avg.   354 us, Total. 354.2 us (0.0%)
[Performance] AssemblyReloadEvents.afterAssemblyReload: MCPForUnity.Editor.Services.StdioBridgeReloadHandler.OnAfterAssemblyReload :        1 samples, Peak.   606 us (1.0x), Avg.   606 us, Total. 606.2 us (0.0%)
[Performance] AssemblyReloadEvents.afterAssemblyReload: MCPForUnity.Editor.Services.HttpBridgeReloadHandler.OnAfterAssemblyReload  :        1 samples, Peak.  97.9 us (1.0x), Avg.  97.9 us, Total. 97.92 us (0.0%)
[Performance] AssemblyReloadEvents.afterAssemblyReload: UnityEditor.U2D.Animation.BoneGizmo.OnAfterAssemblyReload                  :        1 samples, Peak.   578 us (1.0x), Avg.   578 us, Total. 578.3 us (0.0%)
[Performance] AssemblyReloadEvents.afterAssemblyReload: MCPForUnity.Editor.Tools.UnityReflect.InvalidateCache                      :        1 samples, Peak.   301 us (1.0x), Avg.   301 us, Total. 301.2 us (0.0%)
[Performance] UniversalRenderPipelineGlobalSettingsPostprocessor.OnPostprocessAllAssets                                            :        8 samples, Peak.  1.19 ms (4.1x), Avg.   289 us, Total. 2.309 ms (0.0%)
[Performance] SyncVS.PostprocessSyncProject                                                                                        :        4 samples, Peak.   119 ms (2.0x), Avg.  59.3 ms, Total. 237.2 ms (0.0%)
[Performance] Application.ImportPackagesAndSetTemplateWhenCreatingProject                                                          :        1 samples, Peak.  21.7 ms (1.0x), Avg.  21.7 ms, Total. 21.70 ms (0.0%)
[Performance] Application.SyncCurrentColorSpace                                                                                    :        1 samples, Peak.  5.77 s (1.0x), Avg.  5.77 s, Total. 5.773 s (0.0%)
[Performance] Application.OnUsbDevicesChanged                                                                                      :        1 samples, Peak.   467 us (1.0x), Avg.   467 us, Total. 466.8 us (0.0%)
[Performance] Application.AssetInstanceCacheUpdate                                                                                 :        1 samples, Peak.   292 ns (1.0x), Avg.   292 ns, Total. 292.0 ns (0.0%)
[Performance] Application.UnityExtensions.Initialize                                                                               :        1 samples, Peak.  8.96 ms (1.0x), Avg.  8.96 ms, Total. 8.963 ms (0.0%)
[Performance] CodeEditorProjectSync.SyncEditorProject                                                                              :        1 samples, Peak.   149 ms (1.0x), Avg.   149 ms, Total. 148.7 ms (0.0%)
[Performance] Application.ExecuteStartups                                                                                          :        1 samples, Peak.  46.7 ms (1.0x), Avg.  46.7 ms, Total. 46.75 ms (0.0%)
[Performance] Menu.RegisterMenuInterface                                                                                           :       26 samples, Peak.  1.42 us (7.2x), Avg.   197 ns, Total. 5.123 us (0.0%)
[Performance] Gizmo.RebuildRenderers                                                                                               :        1 samples, Peak.  44.6 ms (1.0x), Avg.  44.6 ms, Total. 44.64 ms (0.0%)
[Performance] Gizmo.AddGizmoRenderers                                                                                              :      128 samples, Peak.  1.49 ms (71.4x), Avg.  20.9 us, Total. 2.673 ms (0.0%)
[Performance] Application.editorInitializingProject                                                                                :        1 samples, Peak.  13.1 ms (1.0x), Avg.  13.1 ms, Total. 13.10 ms (0.0%)
[Performance] Application.InitializeMenu                                                                                           :        1 samples, Peak.  1.41 s (1.0x), Avg.  1.41 s, Total. 1.407 s (0.0%)
[Performance] Menu.RebuildAll                                                                                                      :        1 samples, Peak.  1.41 s (1.0x), Avg.  1.41 s, Total. 1.407 s (0.0%)
[Performance] Menu.BuildRegisteredMenuInterfaces                                                                                   :        1 samples, Peak.  1.40 s (1.0x), Avg.  1.40 s, Total. 1.400 s (0.0%)
[Performance] Menu.FilterMenuItem                                                                                                  :      748 samples, Peak.  70.2 ms (745.8x), Avg.  94.2 us, Total. 70.46 ms (0.0%)
[Performance] UpdateAllMenus                                                                                                       :        1 samples, Peak.   547 us (1.0x), Avg.   547 us, Total. 546.8 us (0.0%)
[Performance] EditorSceneManager.sceneClosing: UnityEditor.SceneVisibilityManager.EditorSceneManagerOnSceneClosing                 :        2 samples, Peak.   224 us (2.0x), Avg.   114 us, Total. 228.2 us (0.0%)
[Performance] GUIView.RepaintAll.PlayerLoopController                                                                              :        1 samples, Peak.  1.58 us (1.0x), Avg.  1.58 us, Total. 1.583 us (0.0%)
[Performance] EditorSceneManager.newSceneCreated: UnityEditor.SceneTemplate.SceneTemplateService.OnNewSceneCreated                 :        1 samples, Peak.   221 us (1.0x), Avg.   221 us, Total. 221.0 us (0.0%)
[Performance] EditorSceneManager.newSceneCreated: UnityEditor.SceneVisibilityManager.EditorSceneManagerOnNewSceneCreated           :        1 samples, Peak.   143 us (1.0x), Avg.   143 us, Total. 143.0 us (0.0%)
[Performance] EditorSceneManager.newSceneCreated: UnityEditor.SceneManagement.StageNavigationManager.OnNewSceneCreated             :        1 samples, Peak.  47.0 us (1.0x), Avg.  47.0 us, Total. 47.04 us (0.0%)
[Performance] Application.InvokeFinishedLoadingProject                                                                             :        1 samples, Peak.  18.9 ms (1.0x), Avg.  18.9 ms, Total. 18.92 ms (0.0%)
[Performance] ProcessService.OnProjectLoaded                                                                                       :        1 samples, Peak.  63.0 us (1.0x), Avg.  63.0 us, Total. 63.04 us (0.0%)
[Performance] VersionControl.Task.Wait                                                                                             :        1 samples, Peak.  28.5 us (1.0x), Avg.  28.5 us, Total. 28.54 us (0.0%)
[Performance] AssetDatabase.Refresh                                                                                                :        1 samples, Peak.   226 ms (1.0x), Avg.   226 ms, Total. 225.9 ms (0.0%)
[Performance] PaletteAssetModificationProcessor.OnWillSaveAssets                                                                   :        4 samples, Peak.  1.21 ms (3.9x), Avg.   312 us, Total. 1.250 ms (0.0%)
[Performance] StateMacroSavedEvent.OnWillSaveAssets                                                                                :        4 samples, Peak.   171 us (3.3x), Avg.  51.2 us, Total. 204.8 us (0.0%)
[Performance] FlowMacroSavedEvent.OnWillSaveAssets                                                                                 :        4 samples, Peak.  84.0 us (3.5x), Avg.  23.8 us, Total. 95.25 us (0.0%)
[Performance] AssetModificationProcessor.OnWillSaveAssets                                                                          :        4 samples, Peak.   164 us (3.9x), Avg.  42.2 us, Total. 168.7 us (0.0%)
[Performance] UnityCloudProjectLinkMonitor.OnWillSaveAssets                                                                        :        4 samples, Peak.   221 us (3.9x), Avg.  56.1 us, Total. 224.5 us (0.0%)
[Performance] BuilderAssetModificationProcessor.OnWillSaveAssets                                                                   :        4 samples, Peak.   288 us (3.9x), Avg.  74.2 us, Total. 297.0 us (0.0%)
[Performance] TerrainModificationProcessor.OnWillSaveAssets                                                                        :        4 samples, Peak.   430 us (3.9x), Avg.   110 us, Total. 439.8 us (0.0%)
[Performance] AssetDatabase.ImportAssets                                                                                           :       11 samples, Peak.   201 ms (5.4x), Avg.  37.3 ms, Total. 410.7 ms (0.0%)
[Performance] ShaderImporter.SourceAssetModified                                                                                   :        3 samples, Peak.   542 ns (1.4x), Avg.   389 ns, Total. 1.166 us (0.0%)
[Performance] ShaderIncludeImporter.SourceAssetModified                                                                            :        3 samples, Peak.   875 ns (1.1x), Avg.   819 ns, Total. 2.458 us (0.0%)
[Performance] PSDImporterAssetPostProcessor.OnPreprocessAsset                                                                      :        6 samples, Peak.   209 us (5.2x), Avg.  39.9 us, Total. 239.2 us (0.0%)
[Performance] PresetManagerPostProcessor.OnPreprocessAsset                                                                         :        6 samples, Peak.   200 us (4.8x), Avg.  41.8 us, Total. 250.8 us (0.0%)
[Performance] CancelSplashScreenOnAssetChange.OnPreprocessAsset                                                                    :        6 samples, Peak.  91.7 us (5.5x), Avg.  16.6 us, Total. 99.42 us (0.0%)
[Performance] ShaderGraphAssetPostProcessor.OnPreprocessAsset                                                                      :        6 samples, Peak.   118 us (5.6x), Avg.  21.2 us, Total. 127.0 us (0.0%)
[Performance] SpritePostProcess.OnPreprocessAsset                                                                                  :        6 samples, Peak.  1.18 ms (5.8x), Avg.   204 us, Total. 1.225 ms (0.0%)
[Performance] TMPro_TexturePostProcessor.OnPostprocessAllAssets                                                                    :        6 samples, Peak.   318 us (2.8x), Avg.   112 us, Total. 673.5 us (0.0%)
[Performance] AssetPostprocessor.OnPostprocessAllAssets                                                                            :        6 samples, Peak.   539 us (3.0x), Avg.   182 us, Total. 1.089 ms (0.0%)
[Performance] BuilderAssetPostprocessor.OnPostprocessAllAssets                                                                     :        6 samples, Peak.  2.66 ms (2.9x), Avg.   913 us, Total. 5.479 ms (0.0%)
[Performance] ArtifactBrowserPostProcessor.OnPostprocessAllAssets                                                                  :        6 samples, Peak.   338 us (3.0x), Avg.   114 us, Total. 686.8 us (0.0%)
[Performance] AssetEvents.OnPostprocessAllAssets                                                                                   :       12 samples, Peak.   144 us (4.6x), Avg.  31.7 us, Total. 380.3 us (0.0%)
[Performance] AudioMixerPostprocessor.OnPostprocessAllAssets                                                                       :        6 samples, Peak.   218 us (2.9x), Avg.  74.7 us, Total. 448.5 us (0.0%)
[Performance] StyleCatalogPostProcessor.OnPostprocessAllAssets                                                                     :        6 samples, Peak.  18.4 ms (3.0x), Avg.  6.16 ms, Total. 36.96 ms (0.0%)
[Performance] BuildCatalog                                                                                                         :        1 samples, Peak.  17.7 ms (1.0x), Avg.  17.7 ms, Total. 17.72 ms (0.0%)
[Performance] ModelImporterPostProcessor.OnPostprocessAllAssets                                                                    :        6 samples, Peak.   694 us (2.9x), Avg.   243 us, Total. 1.457 ms (0.0%)
[Performance] MaterialPostprocessor.OnPostprocessAllAssets                                                                         :       12 samples, Peak.   558 us (3.2x), Avg.   172 us, Total. 2.066 ms (0.0%)
[Performance] RetainedModeAssetPostprocessor.OnPostprocessAllAssets                                                                :        6 samples, Peak.  2.43 ms (3.0x), Avg.   818 us, Total. 4.911 ms (0.0%)
[Performance] AssetChangedListener.OnPostprocessAllAssets                                                                          :        6 samples, Peak.   929 us (2.4x), Avg.   385 us, Total. 2.312 ms (0.0%)
[Performance] PostProcessor.OnPostprocessAllAssets                                                                                 :        6 samples, Peak.   177 us (2.5x), Avg.  69.4 us, Total. 416.7 us (0.0%)
[Performance] ShaderGraphAssetPostProcessor.OnPostprocessAllAssets                                                                 :        6 samples, Peak.  1.09 ms (2.5x), Avg.   430 us, Total. 2.582 ms (0.0%)
[Performance] SpeedTreePostProcessor.OnPostprocessAllAssets                                                                        :        6 samples, Peak.   109 us (2.5x), Avg.  43.3 us, Total. 260.0 us (0.0%)
[Performance] TextAssetPostProcessor.OnPostprocessAllAssets                                                                        :        6 samples, Peak.   259 us (2.8x), Avg.  91.4 us, Total. 548.6 us (0.0%)
[Performance] AssetProcessor.OnPostprocessAllAssets                                                                                :       18 samples, Peak.   486 us (5.4x), Avg.  90.8 us, Total. 1.634 ms (0.0%)
[Performance] SpriteLibraryAssetPostprocessor.OnPostprocessAllAssets                                                               :        6 samples, Peak.   152 us (2.9x), Avg.  52.1 us, Total. 312.9 us (0.0%)
[Performance] PSDImporterAssetPostProcessor.OnPostprocessAllAssets                                                                 :        6 samples, Peak.  67.7 us (2.9x), Avg.  23.7 us, Total. 142.5 us (0.0%)
[Performance] PSDImportPostProcessor.OnPostprocessAllAssets                                                                        :        6 samples, Peak.  79.7 us (2.9x), Avg.  27.2 us, Total. 163.4 us (0.0%)
[Performance] SpriteEditorTexturePostprocessor.OnPostprocessAllAssets                                                              :        6 samples, Peak.   175 us (2.2x), Avg.  80.0 us, Total. 479.8 us (0.0%)
[Performance] SpriteShapeAssetPostProcessor.OnPostprocessAllAssets                                                                 :        6 samples, Peak.   424 us (1.9x), Avg.   224 us, Total. 1.346 ms (0.0%)
[Performance] EditorSceneManager.sceneOpening: UnityEditor.SceneVisibilityManager.EditorSceneManagerOnSceneOpening                 :        1 samples, Peak.   103 us (1.0x), Avg.   103 us, Total. 103.0 us (0.0%)
[Performance] Inspector.InitOrRebuild                                                                                              :        1 samples, Peak.   496 us (1.0x), Avg.   496 us, Total. 495.6 us (0.0%)
[Performance] EditorSceneManager.sceneOpened: UnityEditor.SceneTemplate.SceneTemplateService.OnSceneOpened                         :        1 samples, Peak.   178 us (1.0x), Avg.   178 us, Total. 177.6 us (0.0%)
[Performance] EditorSceneManager.sceneOpened: UnityEditor.SceneVisibilityManager.EditorSceneManagerOnSceneOpened                   :        1 samples, Peak.  85.0 us (1.0x), Avg.  85.0 us, Total. 85.04 us (0.0%)
[Performance] EditorSceneManager.sceneOpened: UnityEditor.SceneManagement.StageNavigationManager.OnSceneOpened                     :        1 samples, Peak.  42.6 us (1.0x), Avg.  42.6 us, Total. 42.58 us (0.0%)
[Performance] EditorApplication.quitting: Unity.Burst.Editor.BurstLoader.OnEditorApplicationQuitting                               :        1 samples, Peak.  1.97 ms (1.0x), Avg.  1.97 ms, Total. 1.968 ms (0.0%)
[Performance] EditorApplication.quitting: MCPForUnity.Editor.Services.McpEditorShutdownCleanup.OnEditorQuitting                    :        1 samples, Peak.  8.94 ms (1.0x), Avg.  8.94 ms, Total. 8.944 ms (0.0%)
[Performance] EditorApplication.quitting: MCPForUnity.Editor.Services.StdioBridgeReloadHandler.CancelRetries                       :        1 samples, Peak.   241 us (1.0x), Avg.   241 us, Total. 240.9 us (0.0%)
[Performance] EditorApplication.quitting: UnityEditor.Tilemaps.SceneViewGridManager.EditorQuitting                                 :        1 samples, Peak.  3.63 ms (1.0x), Avg.  3.63 ms, Total. 3.629 ms (0.0%)
[Performance] EditorApplication.quitting: callback in UnityEditor.TextCore.Text.EditorEventCallbacks                               :        1 samples, Peak.   230 ms (1.0x), Avg.   230 ms, Total. 229.5 ms (0.0%)
[Performance] Killing ADB server                                                                                                   :        1 samples, Peak.   517 ms (1.0x), Avg.   517 ms, Total. 516.9 ms (0.0%)
[Performance] Application.Shutdown.PauseProfilerSession                                                                            :        1 samples, Peak.  3.94 ms (1.0x), Avg.  3.94 ms, Total. 3.940 ms (0.0%)
[Performance] Application.Shutdown.PauseAssetImportWorkers                                                                         :        1 samples, Peak.  6.27 ms (1.0x), Avg.  6.27 ms, Total. 6.273 ms (0.0%)
[Performance] Application.Shutdown.SaveAssets                                                                                      :        1 samples, Peak.   342 ms (1.0x), Avg.   342 ms, Total. 342.0 ms (0.0%)
[Performance] Application.Shutdown.CleanupRenderPipeline                                                                           :        1 samples, Peak.   497 us (1.0x), Avg.   497 us, Total. 496.7 us (0.0%)
[Performance] Application.Shutdown.StopPreloadManager                                                                              :        1 samples, Peak.  12.5 ms (1.0x), Avg.  12.5 ms, Total. 12.50 ms (0.0%)
[Performance] Application.Shutdown.DestroyWorld                                                                                    :        1 samples, Peak.  24.0 ms (1.0x), Avg.  24.0 ms, Total. 24.02 ms (0.0%)
[Performance] Application.Shutdown.CleanupAfterLoad                                                                                :        1 samples, Peak.   182 ms (1.0x), Avg.   182 ms, Total. 182.4 ms (0.0%)
[Performance] Application.Shutdown.Progress                                                                                        :        1 samples, Peak.  1.41 ms (1.0x), Avg.  1.41 ms, Total. 1.413 ms (0.0%)
[Performance] Application.Shutdown.GICleanupManagers                                                                               :        1 samples, Peak.  10.3 ms (1.0x), Avg.  10.3 ms, Total. 10.31 ms (0.0%)
[Performance] Application.Shutdown.MenuCleanupClass                                                                                :        1 samples, Peak.   717 us (1.0x), Avg.   717 us, Total. 716.5 us (0.0%)
[Performance] Application.Shutdown.ADBSaveStateBeforeShutdown                                                                      :        1 samples, Peak.  58.5 us (1.0x), Avg.  58.5 us, Total. 58.46 us (0.0%)
[Performance] Application.Shutdown.RemoteShutdown                                                                                  :        1 samples, Peak.   243 us (1.0x), Avg.   243 us, Total. 243.5 us (0.0%)
[Performance] Application.Shutdown.CleanupVCProvider                                                                               :        1 samples, Peak.   602 us (1.0x), Avg.   602 us, Total. 601.5 us (0.0%)
[Performance] Application.Shutdown.InputShutdown                                                                                   :        1 samples, Peak.  1.15 ms (1.0x), Avg.  1.15 ms, Total. 1.148 ms (0.0%)
[Performance] Application.Shutdown.GizmoManagerDestroy                                                                             :        1 samples, Peak.  3.34 ms (1.0x), Avg.  3.34 ms, Total. 3.337 ms (0.0%)
[Performance] Application.Shutdown.ProfilerSession                                                                                 :        1 samples, Peak.  1.41 ms (1.0x), Avg.  1.41 ms, Total. 1.406 ms (0.0%)
[Performance] Application.Shutdown.ReleaseGfxWindowOnAllGUIViews                                                                   :        1 samples, Peak.   174 us (1.0x), Avg.   174 us, Total. 174.2 us (0.0%)
[Performance] Application.Shutdown.CleanupEngine                                                                                   :        1 samples, Peak.   351 ms (1.0x), Avg.   351 ms, Total. 351.3 ms (0.0%)
[Performance] Application.Shutdown.CleanupAssetDatabase                                                                            :        1 samples, Peak.  25.5 ms (1.0x), Avg.  25.5 ms, Total. 25.45 ms (0.0%)
[Performance] Application.Shutdown.ScriptCompilationCleanUp                                                                        :        1 samples, Peak.  25.7 us (1.0x), Avg.  25.7 us, Total. 25.71 us (0.0%)
[Performance] Application.Shutdown.DestroyJobSystem                                                                                :        1 samples, Peak.   527 us (1.0x), Avg.   527 us, Total. 527.2 us (0.0%)
[Performance] Application.Shutdown.CleanupPersistentManager                                                                        :        1 samples, Peak.  4.06 ms (1.0x), Avg.  4.06 ms, Total. 4.060 ms (0.0%)
[Performance] Application.Shutdown.CleanupAsyncReadManager                                                                         :        1 samples, Peak.   508 us (1.0x), Avg.   508 us, Total. 508.1 us (0.0%)
[Performance] Application.Shutdown.CleanupMono                                                                                     :        1 samples, Peak.   248 ms (1.0x), Avg.   248 ms, Total. 247.7 ms (0.0%)
[Performance] Application.Shutdown.CleanupStdConverters                                                                            :        1 samples, Peak.   132 us (1.0x), Avg.   132 us, Total. 132.4 us (0.0%)
[Performance] Application.Shutdown.UnloadAllPlatformSupportModuleNativeDlls                                                        :        1 samples, Peak.   154 us (1.0x), Avg.   154 us, Total. 153.7 us (0.0%)
[Performance] Application.Shutdown.UnloadAllPlatformSupportNativeLibraries                                                         :        1 samples, Peak.   389 us (1.0x), Avg.   389 us, Total. 388.6 us (0.0%)
[Performance] Application.Shutdown.CleanupAutoDocumentation                                                                        :        1 samples, Peak.   315 us (1.0x), Avg.   315 us, Total. 315.5 us (0.0%)
[Performance] Application.Shutdown.ShaderNameManagerDestroy                                                                        :        1 samples, Peak.   320 us (1.0x), Avg.   320 us, Total. 320.5 us (0.0%)
[Performance] Application.Shutdown.CleanupCacheServer                                                                              :        1 samples, Peak.   209 ns (1.0x), Avg.   209 ns, Total. 209.0 ns (0.0%)
[Performance] Application.Shutdown.Virtualization_Shutdown                                                                         :        1 samples, Peak.  19.5 us (1.0x), Avg.  19.5 us, Total. 19.54 us (0.0%)
[Performance] Application.Shutdown.DevConnections                                                                                  :        1 samples, Peak.   654 us (1.0x), Avg.   654 us, Total. 653.7 us (0.0%)
Exiting batchmode successfully now!
[Package Manager] Server::Kill -- Server was shutdown
