[INFO] Unity: /Applications/Unity/Hub/Editor/2022.3.62f2/Unity.app/Contents/MacOS/Unity
[INFO] Project: /Users/ah/GitHub/hybridclr/hybridclr_demo_shadow
[INFO] Method: AssemblyShadowDemo.Editor.M06Build.BuildReleasePlayerBaseline
[INFO] Log: /Users/ah/GitHub/hybridclr/hybridclr_demo_shadow/_temp/UnityExec_20260906_005416.log
[SUCCESS] Unity method completed.

=== Log Tail ===
[Performance] DidReloadScriptsAdvancedDropdownWindow.OnScriptReload                                                                :        1 samples, Peak.   187 us (1.0x), Avg.   187 us, Total. 186.8 us (0.0%)
[Performance] AssemblyReloadEvents.afterAssemblyReload: callback in MCPForUnity.Editor.Services.EditorStateCache                   :        1 samples, Peak.   414 us (1.0x), Avg.   414 us, Total. 413.7 us (0.0%)
[Performance] AssemblyReloadEvents.afterAssemblyReload: MCPForUnity.Editor.Services.StdioBridgeReloadHandler.OnAfterAssemblyReload :        1 samples, Peak.   757 us (1.0x), Avg.   757 us, Total. 756.9 us (0.0%)
[Performance] AssemblyReloadEvents.afterAssemblyReload: MCPForUnity.Editor.Services.HttpBridgeReloadHandler.OnAfterAssemblyReload  :        1 samples, Peak.   109 us (1.0x), Avg.   109 us, Total. 108.8 us (0.0%)
[Performance] AssemblyReloadEvents.afterAssemblyReload: UnityEditor.U2D.Animation.BoneGizmo.OnAfterAssemblyReload                  :        1 samples, Peak.   617 us (1.0x), Avg.   617 us, Total. 616.8 us (0.0%)
[Performance] AssemblyReloadEvents.afterAssemblyReload: MCPForUnity.Editor.Tools.UnityReflect.InvalidateCache                      :        1 samples, Peak.   324 us (1.0x), Avg.   324 us, Total. 324.1 us (0.0%)
[Performance] UniversalRenderPipelineGlobalSettingsPostprocessor.OnPostprocessAllAssets                                            :       14 samples, Peak.  2.08 ms (7.1x), Avg.   294 us, Total. 4.114 ms (0.0%)
[Performance] SyncVS.PostprocessSyncProject                                                                                        :        7 samples, Peak.   120 ms (3.6x), Avg.  33.6 ms, Total. 235.0 ms (0.0%)
[Performance] Application.ImportPackagesAndSetTemplateWhenCreatingProject                                                          :        1 samples, Peak.  24.0 ms (1.0x), Avg.  24.0 ms, Total. 24.01 ms (0.0%)
[Performance] Application.SyncCurrentColorSpace                                                                                    :        1 samples, Peak.   164 ms (1.0x), Avg.   164 ms, Total. 164.4 ms (0.0%)
[Performance] Application.OnUsbDevicesChanged                                                                                      :        1 samples, Peak.   401 us (1.0x), Avg.   401 us, Total. 400.8 us (0.0%)
[Performance] Application.AssetInstanceCacheUpdate                                                                                 :        1 samples, Peak.   209 ns (1.0x), Avg.   209 ns, Total. 209.0 ns (0.0%)
[Performance] Application.UnityExtensions.Initialize                                                                               :        1 samples, Peak.  8.03 ms (1.0x), Avg.  8.03 ms, Total. 8.031 ms (0.0%)
[Performance] CodeEditorProjectSync.SyncEditorProject                                                                              :        1 samples, Peak.   149 ms (1.0x), Avg.   149 ms, Total. 148.6 ms (0.0%)
[Performance] Application.ExecuteStartups                                                                                          :        1 samples, Peak.  66.0 ms (1.0x), Avg.  66.0 ms, Total. 65.99 ms (0.0%)
[Performance] Menu.RegisterMenuInterface                                                                                           :       26 samples, Peak.  3.42 us (8.2x), Avg.   417 ns, Total. 10.83 us (0.0%)
[Performance] Gizmo.RebuildRenderers                                                                                               :        2 samples, Peak.  64.1 ms (1.6x), Avg.  39.8 ms, Total. 79.52 ms (0.0%)
[Performance] Gizmo.AddGizmoRenderers                                                                                              :      256 samples, Peak.  1.59 ms (111.1x), Avg.  14.3 us, Total. 3.672 ms (0.0%)
[Performance] Application.editorInitializingProject                                                                                :        1 samples, Peak.  13.7 ms (1.0x), Avg.  13.7 ms, Total. 13.71 ms (0.0%)
[Performance] Application.InitializeMenu                                                                                           :        1 samples, Peak.  1.40 s (1.0x), Avg.  1.40 s, Total. 1.401 s (0.0%)
[Performance] Menu.RebuildAll                                                                                                      :        1 samples, Peak.  1.40 s (1.0x), Avg.  1.40 s, Total. 1.401 s (0.0%)
[Performance] Menu.BuildRegisteredMenuInterfaces                                                                                   :        1 samples, Peak.  1.40 s (1.0x), Avg.  1.40 s, Total. 1.396 s (0.0%)
[Performance] Menu.FilterMenuItem                                                                                                  :      751 samples, Peak.  77.8 ms (748.9x), Avg.   104 us, Total. 78.05 ms (0.0%)
[Performance] UpdateAllMenus                                                                                                       :        1 samples, Peak.   460 us (1.0x), Avg.   460 us, Total. 459.8 us (0.0%)
[Performance] EditorSceneManager.sceneClosing: UnityEditor.SceneVisibilityManager.EditorSceneManagerOnSceneClosing                 :        6 samples, Peak.   205 us (5.5x), Avg.  37.0 us, Total. 222.0 us (0.0%)
[Performance] GUIView.RepaintAll.PlayerLoopController                                                                              :        4 samples, Peak.  4.58 us (2.1x), Avg.  2.16 us, Total. 8.624 us (0.0%)
[Performance] EditorSceneManager.newSceneCreated: UnityEditor.SceneTemplate.SceneTemplateService.OnNewSceneCreated                 :        3 samples, Peak.   220 us (2.9x), Avg.  74.8 us, Total. 224.4 us (0.0%)
[Performance] EditorSceneManager.newSceneCreated: UnityEditor.SceneVisibilityManager.EditorSceneManagerOnNewSceneCreated           :        3 samples, Peak.   135 us (2.7x), Avg.  49.9 us, Total. 149.6 us (0.0%)
[Performance] EditorSceneManager.newSceneCreated: UnityEditor.SceneManagement.StageNavigationManager.OnNewSceneCreated             :        3 samples, Peak.  46.6 us (2.8x), Avg.  16.7 us, Total. 49.96 us (0.0%)
[Performance] Application.InvokeFinishedLoadingProject                                                                             :        1 samples, Peak.  17.0 ms (1.0x), Avg.  17.0 ms, Total. 16.98 ms (0.0%)
[Performance] ProcessService.OnProjectLoaded                                                                                       :        1 samples, Peak.  55.8 us (1.0x), Avg.  55.8 us, Total. 55.75 us (0.0%)
[Performance] VersionControl.Task.Wait                                                                                             :        1 samples, Peak.  12.3 us (1.0x), Avg.  12.3 us, Total. 12.33 us (0.0%)
[Performance] AssetDatabase.Refresh                                                                                                :        3 samples, Peak.   273 ms (1.5x), Avg.   187 ms, Total. 560.6 ms (0.0%)
[Performance] PaletteAssetModificationProcessor.OnWillSaveAssets                                                                   :        7 samples, Peak.  1.35 ms (6.4x), Avg.   212 us, Total. 1.482 ms (0.0%)
[Performance] StateMacroSavedEvent.OnWillSaveAssets                                                                                :        7 samples, Peak.  1.72 ms (6.0x), Avg.   285 us, Total. 1.995 ms (0.0%)
[Performance] FlowMacroSavedEvent.OnWillSaveAssets                                                                                 :        7 samples, Peak.  88.8 us (5.3x), Avg.  16.9 us, Total. 118.0 us (0.0%)
[Performance] AssetModificationProcessor.OnWillSaveAssets                                                                          :        7 samples, Peak.   164 us (6.6x), Avg.  24.8 us, Total. 173.4 us (0.0%)
[Performance] UnityCloudProjectLinkMonitor.OnWillSaveAssets                                                                        :        7 samples, Peak.   228 us (6.8x), Avg.  33.7 us, Total. 236.2 us (0.0%)
[Performance] BuilderAssetModificationProcessor.OnWillSaveAssets                                                                   :        7 samples, Peak.   302 us (6.6x), Avg.  45.8 us, Total. 320.4 us (0.0%)
[Performance] TerrainModificationProcessor.OnWillSaveAssets                                                                        :        7 samples, Peak.   424 us (6.8x), Avg.  62.7 us, Total. 439.0 us (0.0%)
[Performance] AssetDatabase.ImportAssets                                                                                           :       20 samples, Peak.   200 ms (5.9x), Avg.  33.7 ms, Total. 674.2 ms (0.0%)
[Performance] ShaderImporter.SourceAssetModified                                                                                   :        3 samples, Peak.  1.25 us (1.7x), Avg.   736 ns, Total. 2.209 us (0.0%)
[Performance] ShaderIncludeImporter.SourceAssetModified                                                                            :        3 samples, Peak.  4.33 us (1.9x), Avg.  2.29 us, Total. 6.874 us (0.0%)
[Performance] PSDImporterAssetPostProcessor.OnPreprocessAsset                                                                      :        9 samples, Peak.   224 us (6.7x), Avg.  33.3 us, Total. 300.1 us (0.0%)
[Performance] PresetManagerPostProcessor.OnPreprocessAsset                                                                         :        9 samples, Peak.  1.05 ms (7.1x), Avg.   148 us, Total. 1.336 ms (0.0%)
[Performance] CancelSplashScreenOnAssetChange.OnPreprocessAsset                                                                    :        9 samples, Peak.   315 us (6.8x), Avg.  46.5 us, Total. 418.7 us (0.0%)
[Performance] ShaderGraphAssetPostProcessor.OnPreprocessAsset                                                                      :        9 samples, Peak.   124 us (7.9x), Avg.  15.8 us, Total. 142.5 us (0.0%)
[Performance] SpritePostProcess.OnPreprocessAsset                                                                                  :        9 samples, Peak.  1.16 ms (7.4x), Avg.   156 us, Total. 1.408 ms (0.0%)
[Performance] TMPro_TexturePostProcessor.OnPostprocessAllAssets                                                                    :       12 samples, Peak.   375 us (4.9x), Avg.  76.1 us, Total. 913.0 us (0.0%)
[Performance] AssetPostprocessor.OnPostprocessAllAssets                                                                            :       12 samples, Peak.   610 us (5.9x), Avg.   104 us, Total. 1.252 ms (0.0%)
[Performance] BuilderAssetPostprocessor.OnPostprocessAllAssets                                                                     :       12 samples, Peak.  2.70 ms (5.1x), Avg.   532 us, Total. 6.379 ms (0.0%)
[Performance] ArtifactBrowserPostProcessor.OnPostprocessAllAssets                                                                  :       12 samples, Peak.   364 us (5.8x), Avg.  63.1 us, Total. 757.2 us (0.0%)
[Performance] AssetEvents.OnPostprocessAllAssets                                                                                   :       24 samples, Peak.   139 us (8.3x), Avg.  16.8 us, Total. 403.7 us (0.0%)
[Performance] AudioMixerPostprocessor.OnPostprocessAllAssets                                                                       :       12 samples, Peak.   225 us (5.6x), Avg.  40.1 us, Total. 481.5 us (0.0%)
[Performance] StyleCatalogPostProcessor.OnPostprocessAllAssets                                                                     :       12 samples, Peak.  15.7 ms (6.0x), Avg.  2.64 ms, Total. 31.64 ms (0.0%)
[Performance] BuildCatalog                                                                                                         :        1 samples, Peak.  15.0 ms (1.0x), Avg.  15.0 ms, Total. 14.97 ms (0.0%)
[Performance] ModelImporterPostProcessor.OnPostprocessAllAssets                                                                    :       12 samples, Peak.   757 us (4.4x), Avg.   173 us, Total. 2.073 ms (0.0%)
[Performance] MaterialPostprocessor.OnPostprocessAllAssets                                                                         :       24 samples, Peak.   552 us (6.1x), Avg.  89.8 us, Total. 2.155 ms (0.0%)
[Performance] RetainedModeAssetPostprocessor.OnPostprocessAllAssets                                                                :       12 samples, Peak.  1.59 ms (5.7x), Avg.   277 us, Total. 3.327 ms (0.0%)
[Performance] AssetChangedListener.OnPostprocessAllAssets                                                                          :       12 samples, Peak.   899 us (3.3x), Avg.   271 us, Total. 3.248 ms (0.0%)
[Performance] PostProcessor.OnPostprocessAllAssets                                                                                 :       12 samples, Peak.   166 us (4.3x), Avg.  38.2 us, Total. 458.3 us (0.0%)
[Performance] ShaderGraphAssetPostProcessor.OnPostprocessAllAssets                                                                 :       12 samples, Peak.  1.09 ms (4.3x), Avg.   254 us, Total. 3.050 ms (0.0%)
[Performance] SpeedTreePostProcessor.OnPostprocessAllAssets                                                                        :       12 samples, Peak.   107 us (4.4x), Avg.  24.3 us, Total. 291.8 us (0.0%)
[Performance] TextAssetPostProcessor.OnPostprocessAllAssets                                                                        :       12 samples, Peak.   257 us (5.3x), Avg.  48.5 us, Total. 582.4 us (0.0%)
[Performance] AssetProcessor.OnPostprocessAllAssets                                                                                :       36 samples, Peak.   513 us (10.5x), Avg.  49.0 us, Total. 1.762 ms (0.0%)
[Performance] SpriteLibraryAssetPostprocessor.OnPostprocessAllAssets                                                               :       12 samples, Peak.   157 us (5.6x), Avg.  28.2 us, Total. 337.8 us (0.0%)
[Performance] PSDImporterAssetPostProcessor.OnPostprocessAllAssets                                                                 :       12 samples, Peak.  59.3 us (4.8x), Avg.  12.3 us, Total. 147.9 us (0.0%)
[Performance] PSDImportPostProcessor.OnPostprocessAllAssets                                                                        :       12 samples, Peak.  86.8 us (5.6x), Avg.  15.5 us, Total. 185.7 us (0.0%)
[Performance] SpriteEditorTexturePostprocessor.OnPostprocessAllAssets                                                              :       12 samples, Peak.   424 us (2.6x), Avg.   164 us, Total. 1.969 ms (0.0%)
[Performance] SpriteShapeAssetPostProcessor.OnPostprocessAllAssets                                                                 :       12 samples, Peak.   402 us (2.3x), Avg.   179 us, Total. 2.144 ms (0.0%)
[Performance] EditorSceneManager.sceneOpening: UnityEditor.SceneVisibilityManager.EditorSceneManagerOnSceneOpening                 :        1 samples, Peak.  95.7 us (1.0x), Avg.  95.7 us, Total. 95.71 us (0.0%)
[Performance] Inspector.InitOrRebuild                                                                                              :        4 samples, Peak.   461 us (1.4x), Avg.   329 us, Total. 1.316 ms (0.0%)
[Performance] EditorSceneManager.sceneOpened: UnityEditor.SceneTemplate.SceneTemplateService.OnSceneOpened                         :        2 samples, Peak.   183 us (2.0x), Avg.  92.2 us, Total. 184.5 us (0.0%)
[Performance] EditorSceneManager.sceneOpened: UnityEditor.SceneVisibilityManager.EditorSceneManagerOnSceneOpened                   :        2 samples, Peak.  91.8 us (1.9x), Avg.  47.1 us, Total. 94.21 us (0.0%)
[Performance] EditorSceneManager.sceneOpened: UnityEditor.SceneManagement.StageNavigationManager.OnSceneOpened                     :        2 samples, Peak.  41.0 us (1.9x), Avg.  21.1 us, Total. 42.25 us (0.0%)
[Performance] Application.Message                                                                                                  :       15 samples, Peak.  3.42 us (5.8x), Avg.   592 ns, Total. 8.874 us (0.0%)
[Performance] Application.Idle                                                                                                     :       15 samples, Peak.  33.0 ms (1.1x), Avg.  29.3 ms, Total. 438.8 ms (0.0%)
[Performance] GenerateAssemblyTypeInfos                                                                                            :        2 samples, Peak.  29.1 ms (1.2x), Avg.  24.1 ms, Total. 48.21 ms (0.0%)
[Performance] TimelineAnalyticsProcess.OnProcessScene                                                                              :        1 samples, Peak.  1.33 ms (1.0x), Avg.  1.33 ms, Total. 1.332 ms (0.0%)
[Performance] UnityBuildPostprocessor.OnProcessScene                                                                               :        1 samples, Peak.   443 us (1.0x), Avg.   443 us, Total. 443.3 us (0.0%)
[Performance] EditorApplication.quitting: Unity.Burst.Editor.BurstLoader.OnEditorApplicationQuitting                               :        1 samples, Peak.  46.0 us (1.0x), Avg.  46.0 us, Total. 46.00 us (0.0%)
[Performance] EditorApplication.quitting: MCPForUnity.Editor.Services.McpEditorShutdownCleanup.OnEditorQuitting                    :        1 samples, Peak.  4.17 ms (1.0x), Avg.  4.17 ms, Total. 4.170 ms (0.0%)
[Performance] EditorApplication.quitting: MCPForUnity.Editor.Services.StdioBridgeReloadHandler.CancelRetries                       :        1 samples, Peak.  59.5 us (1.0x), Avg.  59.5 us, Total. 59.50 us (0.0%)
[Performance] EditorApplication.quitting: UnityEditor.Tilemaps.SceneViewGridManager.EditorQuitting                                 :        1 samples, Peak.   620 us (1.0x), Avg.   620 us, Total. 620.3 us (0.0%)
[Performance] EditorApplication.quitting: callback in UnityEditor.TextCore.Text.EditorEventCallbacks                               :        1 samples, Peak.   178 ms (1.0x), Avg.   178 ms, Total. 177.6 ms (0.0%)
[Performance] Killing ADB server                                                                                                   :        1 samples, Peak.   352 ms (1.0x), Avg.   352 ms, Total. 352.3 ms (0.0%)
[Performance] Application.Shutdown.PauseProfilerSession                                                                            :        1 samples, Peak.   639 us (1.0x), Avg.   639 us, Total. 639.3 us (0.0%)
[Performance] Application.Shutdown.PauseAssetImportWorkers                                                                         :        1 samples, Peak.   297 us (1.0x), Avg.   297 us, Total. 296.8 us (0.0%)
[Performance] Application.Shutdown.SaveAssets                                                                                      :        1 samples, Peak.  4.71 ms (1.0x), Avg.  4.71 ms, Total. 4.714 ms (0.0%)
[Performance] Application.Shutdown.CleanupRenderPipeline                                                                           :        1 samples, Peak.  5.71 us (1.0x), Avg.  5.71 us, Total. 5.708 us (0.0%)
[Performance] Application.Shutdown.StopPreloadManager                                                                              :        1 samples, Peak.  12.1 ms (1.0x), Avg.  12.1 ms, Total. 12.08 ms (0.0%)
[Performance] Application.Shutdown.DestroyWorld                                                                                    :        1 samples, Peak.  4.89 ms (1.0x), Avg.  4.89 ms, Total. 4.886 ms (0.0%)
[Performance] Application.Shutdown.CleanupAfterLoad                                                                                :        1 samples, Peak.   114 ms (1.0x), Avg.   114 ms, Total. 114.0 ms (0.0%)
[Performance] Application.Shutdown.Progress                                                                                        :        1 samples, Peak.  1.37 ms (1.0x), Avg.  1.37 ms, Total. 1.372 ms (0.0%)
[Performance] Application.Shutdown.GICleanupManagers                                                                               :        1 samples, Peak.  8.42 ms (1.0x), Avg.  8.42 ms, Total. 8.415 ms (0.0%)
[Performance] Application.Shutdown.MenuCleanupClass                                                                                :        1 samples, Peak.   801 us (1.0x), Avg.   801 us, Total. 800.9 us (0.0%)
[Performance] Application.Shutdown.ADBSaveStateBeforeShutdown                                                                      :        1 samples, Peak.  8.54 us (1.0x), Avg.  8.54 us, Total. 8.542 us (0.0%)
[Performance] Application.Shutdown.RemoteShutdown                                                                                  :        1 samples, Peak.  17.4 us (1.0x), Avg.  17.4 us, Total. 17.42 us (0.0%)
[Performance] Application.Shutdown.CleanupVCProvider                                                                               :        1 samples, Peak.   666 us (1.0x), Avg.   666 us, Total. 665.6 us (0.0%)
[Performance] Application.Shutdown.InputShutdown                                                                                   :        1 samples, Peak.   496 us (1.0x), Avg.   496 us, Total. 495.6 us (0.0%)
[Performance] Application.Shutdown.GizmoManagerDestroy                                                                             :        1 samples, Peak.   913 us (1.0x), Avg.   913 us, Total. 913.1 us (0.0%)
[Performance] Application.Shutdown.ProfilerSession                                                                                 :        1 samples, Peak.  1.59 ms (1.0x), Avg.  1.59 ms, Total. 1.590 ms (0.0%)
[Performance] Application.Shutdown.ReleaseGfxWindowOnAllGUIViews                                                                   :        1 samples, Peak.  3.96 us (1.0x), Avg.  3.96 us, Total. 3.959 us (0.0%)
[Performance] Application.Shutdown.CleanupEngine                                                                                   :        1 samples, Peak.   329 ms (1.0x), Avg.   329 ms, Total. 328.7 ms (0.0%)
[Performance] Application.Shutdown.CleanupAssetDatabase                                                                            :        1 samples, Peak.  13.8 ms (1.0x), Avg.  13.8 ms, Total. 13.81 ms (0.0%)
[Performance] Application.Shutdown.ScriptCompilationCleanUp                                                                        :        1 samples, Peak.  20.9 us (1.0x), Avg.  20.9 us, Total. 20.92 us (0.0%)
[Performance] Application.Shutdown.DestroyJobSystem                                                                                :        1 samples, Peak.   753 us (1.0x), Avg.   753 us, Total. 753.0 us (0.0%)
[Performance] Application.Shutdown.CleanupPersistentManager                                                                        :        1 samples, Peak.  3.16 ms (1.0x), Avg.  3.16 ms, Total. 3.155 ms (0.0%)
[Performance] Application.Shutdown.CleanupAsyncReadManager                                                                         :        1 samples, Peak.   105 us (1.0x), Avg.   105 us, Total. 105.3 us (0.0%)
[Performance] Application.Shutdown.CleanupMono                                                                                     :        1 samples, Peak.   275 ms (1.0x), Avg.   275 ms, Total. 274.8 ms (0.0%)
[Performance] Application.Shutdown.CleanupStdConverters                                                                            :        1 samples, Peak.   139 us (1.0x), Avg.   139 us, Total. 138.9 us (0.0%)
[Performance] Application.Shutdown.UnloadAllPlatformSupportModuleNativeDlls                                                        :        1 samples, Peak.   149 us (1.0x), Avg.   149 us, Total. 148.9 us (0.0%)
[Performance] Application.Shutdown.UnloadAllPlatformSupportNativeLibraries                                                         :        1 samples, Peak.   392 us (1.0x), Avg.   392 us, Total. 391.8 us (0.0%)
[Performance] Application.Shutdown.CleanupAutoDocumentation                                                                        :        1 samples, Peak.   319 us (1.0x), Avg.   319 us, Total. 318.8 us (0.0%)
[Performance] Application.Shutdown.ShaderNameManagerDestroy                                                                        :        1 samples, Peak.   224 us (1.0x), Avg.   224 us, Total. 224.5 us (0.0%)
[Performance] Application.Shutdown.CleanupCacheServer                                                                              :        1 samples, Peak.   292 ns (1.0x), Avg.   292 ns, Total. 292.0 ns (0.0%)
[Performance] Application.Shutdown.Virtualization_Shutdown                                                                         :        1 samples, Peak.  42.0 ns (1.0x), Avg.  42.0 ns, Total. 42.00 ns (0.0%)
[Performance] Application.Shutdown.DevConnections                                                                                  :        1 samples, Peak.   252 us (1.0x), Avg.   252 us, Total. 252.4 us (0.0%)
Exiting batchmode successfully now!
[Package Manager] Server::Kill -- Server was shutdown
