[INFO] Unity: /Applications/Unity/Hub/Editor/2022.3.62f2/Unity.app/Contents/MacOS/Unity
[INFO] Project: /Users/ah/GitHub/hybridclr/hybridclr_demo_shadow
[INFO] Method: AssemblyShadowDemo.Editor.M06Build.BuildFixtures
[INFO] Log: /Users/ah/GitHub/hybridclr/hybridclr_demo_shadow/_temp/UnityExec_20260905_155606.log
[SUCCESS] Unity method completed.

=== Log Tail ===
[Performance] DidReloadScriptsTestRunnerWindow.CompilationCallback                                                                 :        1 samples, Peak.   149 us (1.0x), Avg.   149 us, Total. 148.7 us (0.0%)
[Performance] DidReloadScriptsTestListCache.ScriptReloaded                                                                         :        1 samples, Peak.   950 us (1.0x), Avg.   950 us, Total. 950.0 us (0.0%)
[Performance] DidReloadScriptsLookDev.OnEditorReload                                                                               :        1 samples, Peak.   165 us (1.0x), Avg.   165 us, Total. 165.1 us (0.0%)
[Performance] DidReloadScriptsDebugWindow.OnEditorReload                                                                           :        1 samples, Peak.  8.16 ms (1.0x), Avg.  8.16 ms, Total. 8.159 ms (0.0%)
[Performance] DidReloadScriptsVolumeComponentEditor.OnEditorReload                                                                 :        1 samples, Peak.  8.61 ms (1.0x), Avg.  8.61 ms, Total. 8.613 ms (0.0%)
[Performance] DidReloadScriptsAdvancedDropdownWindow.OnScriptReload                                                                :        1 samples, Peak.   187 us (1.0x), Avg.   187 us, Total. 186.8 us (0.0%)
[Performance] AssemblyReloadEvents.afterAssemblyReload: callback in MCPForUnity.Editor.Services.EditorStateCache                   :        1 samples, Peak.   419 us (1.0x), Avg.   419 us, Total. 419.0 us (0.0%)
[Performance] AssemblyReloadEvents.afterAssemblyReload: MCPForUnity.Editor.Services.StdioBridgeReloadHandler.OnAfterAssemblyReload :        1 samples, Peak.   737 us (1.0x), Avg.   737 us, Total. 737.5 us (0.0%)
[Performance] AssemblyReloadEvents.afterAssemblyReload: MCPForUnity.Editor.Services.HttpBridgeReloadHandler.OnAfterAssemblyReload  :        1 samples, Peak.   107 us (1.0x), Avg.   107 us, Total. 106.6 us (0.0%)
[Performance] AssemblyReloadEvents.afterAssemblyReload: UnityEditor.U2D.Animation.BoneGizmo.OnAfterAssemblyReload                  :        1 samples, Peak.   608 us (1.0x), Avg.   608 us, Total. 608.2 us (0.0%)
[Performance] AssemblyReloadEvents.afterAssemblyReload: MCPForUnity.Editor.Tools.UnityReflect.InvalidateCache                      :        1 samples, Peak.   322 us (1.0x), Avg.   322 us, Total. 321.6 us (0.0%)
[Performance] UniversalRenderPipelineGlobalSettingsPostprocessor.OnPostprocessAllAssets                                            :        8 samples, Peak.  1.83 ms (4.1x), Avg.   449 us, Total. 3.591 ms (0.0%)
[Performance] SyncVS.PostprocessSyncProject                                                                                        :        4 samples, Peak.  1.43 ms (3.0x), Avg.   470 us, Total. 1.880 ms (0.0%)
[Performance] Application.ImportPackagesAndSetTemplateWhenCreatingProject                                                          :        1 samples, Peak.  20.9 ms (1.0x), Avg.  20.9 ms, Total. 20.91 ms (0.0%)
[Performance] Application.SyncCurrentColorSpace                                                                                    :        1 samples, Peak.   131 ms (1.0x), Avg.   131 ms, Total. 130.5 ms (0.0%)
[Performance] Application.OnUsbDevicesChanged                                                                                      :        1 samples, Peak.   459 us (1.0x), Avg.   459 us, Total. 458.5 us (0.0%)
[Performance] Application.AssetInstanceCacheUpdate                                                                                 :        1 samples, Peak.   250 ns (1.0x), Avg.   250 ns, Total. 250.0 ns (0.0%)
[Performance] Application.UnityExtensions.Initialize                                                                               :        1 samples, Peak.  8.87 ms (1.0x), Avg.  8.87 ms, Total. 8.872 ms (0.0%)
[Performance] CodeEditorProjectSync.SyncEditorProject                                                                              :        1 samples, Peak.   146 ms (1.0x), Avg.   146 ms, Total. 145.8 ms (0.0%)
[Performance] Application.ExecuteStartups                                                                                          :        1 samples, Peak.  47.4 ms (1.0x), Avg.  47.4 ms, Total. 47.38 ms (0.0%)
[Performance] Menu.RegisterMenuInterface                                                                                           :       26 samples, Peak.   833 ns (4.4x), Avg.   188 ns, Total. 4.877 us (0.0%)
[Performance] Gizmo.RebuildRenderers                                                                                               :        1 samples, Peak.  45.5 ms (1.0x), Avg.  45.5 ms, Total. 45.46 ms (0.0%)
[Performance] Gizmo.AddGizmoRenderers                                                                                              :      128 samples, Peak.  1.45 ms (71.2x), Avg.  20.4 us, Total. 2.608 ms (0.0%)
[Performance] Application.editorInitializingProject                                                                                :        1 samples, Peak.  13.5 ms (1.0x), Avg.  13.5 ms, Total. 13.50 ms (0.0%)
[Performance] Application.InitializeMenu                                                                                           :        1 samples, Peak.  1.37 s (1.0x), Avg.  1.37 s, Total. 1.367 s (0.0%)
[Performance] Menu.RebuildAll                                                                                                      :        1 samples, Peak.  1.37 s (1.0x), Avg.  1.37 s, Total. 1.367 s (0.0%)
[Performance] Menu.BuildRegisteredMenuInterfaces                                                                                   :        1 samples, Peak.  1.36 s (1.0x), Avg.  1.36 s, Total. 1.362 s (0.0%)
[Performance] Menu.FilterMenuItem                                                                                                  :      748 samples, Peak.  71.5 ms (745.9x), Avg.  95.9 us, Total. 71.70 ms (0.0%)
[Performance] UpdateAllMenus                                                                                                       :        1 samples, Peak.   457 us (1.0x), Avg.   457 us, Total. 457.1 us (0.0%)
[Performance] EditorSceneManager.sceneClosing: UnityEditor.SceneVisibilityManager.EditorSceneManagerOnSceneClosing                 :        2 samples, Peak.   218 us (2.0x), Avg.   111 us, Total. 222.3 us (0.0%)
[Performance] GUIView.RepaintAll.PlayerLoopController                                                                              :        1 samples, Peak.  1.42 us (1.0x), Avg.  1.42 us, Total. 1.417 us (0.0%)
[Performance] EditorSceneManager.newSceneCreated: UnityEditor.SceneTemplate.SceneTemplateService.OnNewSceneCreated                 :        1 samples, Peak.   199 us (1.0x), Avg.   199 us, Total. 198.9 us (0.0%)
[Performance] EditorSceneManager.newSceneCreated: UnityEditor.SceneVisibilityManager.EditorSceneManagerOnNewSceneCreated           :        1 samples, Peak.   130 us (1.0x), Avg.   130 us, Total. 130.4 us (0.0%)
[Performance] EditorSceneManager.newSceneCreated: UnityEditor.SceneManagement.StageNavigationManager.OnNewSceneCreated             :        1 samples, Peak.  42.1 us (1.0x), Avg.  42.1 us, Total. 42.08 us (0.0%)
[Performance] Application.InvokeFinishedLoadingProject                                                                             :        1 samples, Peak.  17.5 ms (1.0x), Avg.  17.5 ms, Total. 17.54 ms (0.0%)
[Performance] ProcessService.OnProjectLoaded                                                                                       :        1 samples, Peak.  54.5 us (1.0x), Avg.  54.5 us, Total. 54.50 us (0.0%)
[Performance] VersionControl.Task.Wait                                                                                             :        1 samples, Peak.  11.5 us (1.0x), Avg.  11.5 us, Total. 11.50 us (0.0%)
[Performance] AssetDatabase.Refresh                                                                                                :        1 samples, Peak.   240 ms (1.0x), Avg.   240 ms, Total. 240.1 ms (0.0%)
[Performance] PaletteAssetModificationProcessor.OnWillSaveAssets                                                                   :        4 samples, Peak.  1.17 ms (3.9x), Avg.   301 us, Total. 1.203 ms (0.0%)
[Performance] StateMacroSavedEvent.OnWillSaveAssets                                                                                :        4 samples, Peak.   157 us (3.3x), Avg.  47.1 us, Total. 188.2 us (0.0%)
[Performance] FlowMacroSavedEvent.OnWillSaveAssets                                                                                 :        4 samples, Peak.  88.1 us (3.5x), Avg.  25.0 us, Total. 99.83 us (0.0%)
[Performance] AssetModificationProcessor.OnWillSaveAssets                                                                          :        4 samples, Peak.   148 us (3.9x), Avg.  38.2 us, Total. 152.7 us (0.0%)
[Performance] UnityCloudProjectLinkMonitor.OnWillSaveAssets                                                                        :        4 samples, Peak.   210 us (3.9x), Avg.  53.3 us, Total. 213.3 us (0.0%)
[Performance] BuilderAssetModificationProcessor.OnWillSaveAssets                                                                   :        4 samples, Peak.   267 us (3.9x), Avg.  68.7 us, Total. 274.7 us (0.0%)
[Performance] TerrainModificationProcessor.OnWillSaveAssets                                                                        :        4 samples, Peak.   412 us (3.8x), Avg.   108 us, Total. 430.9 us (0.0%)
[Performance] AssetDatabase.ImportAssets                                                                                           :       11 samples, Peak.  80.7 ms (5.2x), Avg.  15.4 ms, Total. 169.5 ms (0.0%)
[Performance] ShaderImporter.SourceAssetModified                                                                                   :        3 samples, Peak.   459 ns (1.6x), Avg.   292 ns, Total. 877.0 ns (0.0%)
[Performance] ShaderIncludeImporter.SourceAssetModified                                                                            :        3 samples, Peak.  1.13 us (1.3x), Avg.   861 ns, Total. 2.584 us (0.0%)
[Performance] PSDImporterAssetPostProcessor.OnPreprocessAsset                                                                      :        6 samples, Peak.   207 us (5.3x), Avg.  39.3 us, Total. 235.9 us (0.0%)
[Performance] PresetManagerPostProcessor.OnPreprocessAsset                                                                         :        6 samples, Peak.   202 us (5.0x), Avg.  40.7 us, Total. 244.4 us (0.0%)
[Performance] CancelSplashScreenOnAssetChange.OnPreprocessAsset                                                                    :        6 samples, Peak.  91.3 us (5.5x), Avg.  16.5 us, Total. 98.79 us (0.0%)
[Performance] ShaderGraphAssetPostProcessor.OnPreprocessAsset                                                                      :        6 samples, Peak.   127 us (5.6x), Avg.  22.6 us, Total. 135.8 us (0.0%)
[Performance] SpritePostProcess.OnPreprocessAsset                                                                                  :        6 samples, Peak.  1.15 ms (5.8x), Avg.   198 us, Total. 1.190 ms (0.0%)
[Performance] TMPro_TexturePostProcessor.OnPostprocessAllAssets                                                                    :        6 samples, Peak.   304 us (2.8x), Avg.   107 us, Total. 643.2 us (0.0%)
[Performance] AssetPostprocessor.OnPostprocessAllAssets                                                                            :        6 samples, Peak.   527 us (3.0x), Avg.   178 us, Total. 1.065 ms (0.0%)
[Performance] BuilderAssetPostprocessor.OnPostprocessAllAssets                                                                     :        6 samples, Peak.  2.62 ms (2.9x), Avg.   901 us, Total. 5.407 ms (0.0%)
[Performance] ArtifactBrowserPostProcessor.OnPostprocessAllAssets                                                                  :        6 samples, Peak.   339 us (2.9x), Avg.   115 us, Total. 690.4 us (0.0%)
[Performance] AssetEvents.OnPostprocessAllAssets                                                                                   :       12 samples, Peak.   135 us (4.4x), Avg.  30.5 us, Total. 366.3 us (0.0%)
[Performance] AudioMixerPostprocessor.OnPostprocessAllAssets                                                                       :        6 samples, Peak.   216 us (2.9x), Avg.  73.3 us, Total. 440.0 us (0.0%)
[Performance] StyleCatalogPostProcessor.OnPostprocessAllAssets                                                                     :        6 samples, Peak.  20.5 ms (3.0x), Avg.  6.84 ms, Total. 41.05 ms (0.0%)
[Performance] BuildCatalog                                                                                                         :        1 samples, Peak.  19.8 ms (1.0x), Avg.  19.8 ms, Total. 19.77 ms (0.0%)
[Performance] ModelImporterPostProcessor.OnPostprocessAllAssets                                                                    :        6 samples, Peak.   658 us (2.9x), Avg.   230 us, Total. 1.381 ms (0.0%)
[Performance] MaterialPostprocessor.OnPostprocessAllAssets                                                                         :       12 samples, Peak.   546 us (3.2x), Avg.   169 us, Total. 2.029 ms (0.0%)
[Performance] RetainedModeAssetPostprocessor.OnPostprocessAllAssets                                                                :        6 samples, Peak.  1.48 ms (3.0x), Avg.   501 us, Total. 3.006 ms (0.0%)
[Performance] AssetChangedListener.OnPostprocessAllAssets                                                                          :        6 samples, Peak.   903 us (2.5x), Avg.   356 us, Total. 2.135 ms (0.0%)
[Performance] PostProcessor.OnPostprocessAllAssets                                                                                 :        6 samples, Peak.   168 us (2.5x), Avg.  66.5 us, Total. 399.2 us (0.0%)
[Performance] ShaderGraphAssetPostProcessor.OnPostprocessAllAssets                                                                 :        6 samples, Peak.  1.13 ms (2.6x), Avg.   437 us, Total. 2.623 ms (0.0%)
[Performance] SpeedTreePostProcessor.OnPostprocessAllAssets                                                                        :        6 samples, Peak.   108 us (2.6x), Avg.  42.3 us, Total. 253.9 us (0.0%)
[Performance] TextAssetPostProcessor.OnPostprocessAllAssets                                                                        :        6 samples, Peak.   266 us (2.9x), Avg.  92.7 us, Total. 556.3 us (0.0%)
[Performance] AssetProcessor.OnPostprocessAllAssets                                                                                :       18 samples, Peak.   509 us (5.4x), Avg.  93.7 us, Total. 1.686 ms (0.0%)
[Performance] SpriteLibraryAssetPostprocessor.OnPostprocessAllAssets                                                               :        6 samples, Peak.   150 us (2.9x), Avg.  51.4 us, Total. 308.7 us (0.0%)
[Performance] PSDImporterAssetPostProcessor.OnPostprocessAllAssets                                                                 :        6 samples, Peak.  58.3 us (2.8x), Avg.  20.9 us, Total. 125.1 us (0.0%)
[Performance] PSDImportPostProcessor.OnPostprocessAllAssets                                                                        :        6 samples, Peak.  81.5 us (2.9x), Avg.  28.5 us, Total. 170.7 us (0.0%)
[Performance] SpriteEditorTexturePostprocessor.OnPostprocessAllAssets                                                              :        6 samples, Peak.   186 us (2.4x), Avg.  77.2 us, Total. 463.0 us (0.0%)
[Performance] SpriteShapeAssetPostProcessor.OnPostprocessAllAssets                                                                 :        6 samples, Peak.   395 us (1.8x), Avg.   214 us, Total. 1.284 ms (0.0%)
[Performance] EditorSceneManager.sceneOpening: UnityEditor.SceneVisibilityManager.EditorSceneManagerOnSceneOpening                 :        1 samples, Peak.  98.4 us (1.0x), Avg.  98.4 us, Total. 98.42 us (0.0%)
[Performance] Inspector.InitOrRebuild                                                                                              :        1 samples, Peak.   477 us (1.0x), Avg.   477 us, Total. 477.0 us (0.0%)
[Performance] EditorSceneManager.sceneOpened: UnityEditor.SceneTemplate.SceneTemplateService.OnSceneOpened                         :        1 samples, Peak.   174 us (1.0x), Avg.   174 us, Total. 173.9 us (0.0%)
[Performance] EditorSceneManager.sceneOpened: UnityEditor.SceneVisibilityManager.EditorSceneManagerOnSceneOpened                   :        1 samples, Peak.  85.1 us (1.0x), Avg.  85.1 us, Total. 85.08 us (0.0%)
[Performance] EditorSceneManager.sceneOpened: UnityEditor.SceneManagement.StageNavigationManager.OnSceneOpened                     :        1 samples, Peak.  33.9 us (1.0x), Avg.  33.9 us, Total. 33.92 us (0.0%)
[Performance] EditorApplication.quitting: Unity.Burst.Editor.BurstLoader.OnEditorApplicationQuitting                               :        1 samples, Peak.  1.95 ms (1.0x), Avg.  1.95 ms, Total. 1.949 ms (0.0%)
[Performance] EditorApplication.quitting: MCPForUnity.Editor.Services.McpEditorShutdownCleanup.OnEditorQuitting                    :        1 samples, Peak.  14.9 ms (1.0x), Avg.  14.9 ms, Total. 14.87 ms (0.0%)
[Performance] EditorApplication.quitting: MCPForUnity.Editor.Services.StdioBridgeReloadHandler.CancelRetries                       :        1 samples, Peak.   370 us (1.0x), Avg.   370 us, Total. 370.0 us (0.0%)
[Performance] EditorApplication.quitting: UnityEditor.Tilemaps.SceneViewGridManager.EditorQuitting                                 :        1 samples, Peak.  4.50 ms (1.0x), Avg.  4.50 ms, Total. 4.496 ms (0.0%)
[Performance] EditorApplication.quitting: callback in UnityEditor.TextCore.Text.EditorEventCallbacks                               :        1 samples, Peak.   207 ms (1.0x), Avg.   207 ms, Total. 206.7 ms (0.0%)
[Performance] Killing ADB server                                                                                                   :        1 samples, Peak.   555 ms (1.0x), Avg.   555 ms, Total. 554.9 ms (0.0%)
[Performance] Application.Shutdown.PauseProfilerSession                                                                            :        1 samples, Peak.  1.59 ms (1.0x), Avg.  1.59 ms, Total. 1.594 ms (0.0%)
[Performance] Application.Shutdown.PauseAssetImportWorkers                                                                         :        1 samples, Peak.  5.50 ms (1.0x), Avg.  5.50 ms, Total. 5.504 ms (0.0%)
[Performance] Application.Shutdown.SaveAssets                                                                                      :        1 samples, Peak.   310 ms (1.0x), Avg.   310 ms, Total. 310.4 ms (0.0%)
[Performance] Application.Shutdown.CleanupRenderPipeline                                                                           :        1 samples, Peak.   402 us (1.0x), Avg.   402 us, Total. 401.8 us (0.0%)
[Performance] Application.Shutdown.StopPreloadManager                                                                              :        1 samples, Peak.  12.2 ms (1.0x), Avg.  12.2 ms, Total. 12.17 ms (0.0%)
[Performance] Application.Shutdown.DestroyWorld                                                                                    :        1 samples, Peak.  21.5 ms (1.0x), Avg.  21.5 ms, Total. 21.46 ms (0.0%)
[Performance] Application.Shutdown.CleanupAfterLoad                                                                                :        1 samples, Peak.   301 ms (1.0x), Avg.   301 ms, Total. 300.9 ms (0.0%)
[Performance] Application.Shutdown.Progress                                                                                        :        1 samples, Peak.  1.20 ms (1.0x), Avg.  1.20 ms, Total. 1.199 ms (0.0%)
[Performance] Application.Shutdown.GICleanupManagers                                                                               :        1 samples, Peak.  8.88 ms (1.0x), Avg.  8.88 ms, Total. 8.882 ms (0.0%)
[Performance] Application.Shutdown.MenuCleanupClass                                                                                :        1 samples, Peak.  2.77 ms (1.0x), Avg.  2.77 ms, Total. 2.771 ms (0.0%)
[Performance] Application.Shutdown.ADBSaveStateBeforeShutdown                                                                      :        1 samples, Peak.  53.3 us (1.0x), Avg.  53.3 us, Total. 53.33 us (0.0%)
[Performance] Application.Shutdown.RemoteShutdown                                                                                  :        1 samples, Peak.  3.25 us (1.0x), Avg.  3.25 us, Total. 3.250 us (0.0%)
[Performance] Application.Shutdown.CleanupVCProvider                                                                               :        1 samples, Peak.   379 us (1.0x), Avg.   379 us, Total. 379.5 us (0.0%)
[Performance] Application.Shutdown.InputShutdown                                                                                   :        1 samples, Peak.  1.02 ms (1.0x), Avg.  1.02 ms, Total. 1.021 ms (0.0%)
[Performance] Application.Shutdown.GizmoManagerDestroy                                                                             :        1 samples, Peak.  3.30 ms (1.0x), Avg.  3.30 ms, Total. 3.297 ms (0.0%)
[Performance] Application.Shutdown.ProfilerSession                                                                                 :        1 samples, Peak.  1.47 ms (1.0x), Avg.  1.47 ms, Total. 1.475 ms (0.0%)
[Performance] Application.Shutdown.ReleaseGfxWindowOnAllGUIViews                                                                   :        1 samples, Peak.  2.08 us (1.0x), Avg.  2.08 us, Total. 2.083 us (0.0%)
[Performance] Application.Shutdown.CleanupEngine                                                                                   :        1 samples, Peak.   335 ms (1.0x), Avg.   335 ms, Total. 335.0 ms (0.0%)
[Performance] Application.Shutdown.CleanupAssetDatabase                                                                            :        1 samples, Peak.  24.9 ms (1.0x), Avg.  24.9 ms, Total. 24.93 ms (0.0%)
[Performance] Application.Shutdown.ScriptCompilationCleanUp                                                                        :        1 samples, Peak.  22.0 us (1.0x), Avg.  22.0 us, Total. 22.04 us (0.0%)
[Performance] Application.Shutdown.DestroyJobSystem                                                                                :        1 samples, Peak.   385 us (1.0x), Avg.   385 us, Total. 385.4 us (0.0%)
[Performance] Application.Shutdown.CleanupPersistentManager                                                                        :        1 samples, Peak.  4.45 ms (1.0x), Avg.  4.45 ms, Total. 4.451 ms (0.0%)
[Performance] Application.Shutdown.CleanupAsyncReadManager                                                                         :        1 samples, Peak.   340 us (1.0x), Avg.   340 us, Total. 340.4 us (0.0%)
[Performance] Application.Shutdown.CleanupMono                                                                                     :        1 samples, Peak.   287 ms (1.0x), Avg.   287 ms, Total. 286.6 ms (0.0%)
[Performance] Application.Shutdown.CleanupStdConverters                                                                            :        1 samples, Peak.   116 us (1.0x), Avg.   116 us, Total. 115.6 us (0.0%)
[Performance] Application.Shutdown.UnloadAllPlatformSupportModuleNativeDlls                                                        :        1 samples, Peak.  1.25 us (1.0x), Avg.  1.25 us, Total. 1.250 us (0.0%)
[Performance] Application.Shutdown.UnloadAllPlatformSupportNativeLibraries                                                         :        1 samples, Peak.   748 us (1.0x), Avg.   748 us, Total. 747.8 us (0.0%)
[Performance] Application.Shutdown.CleanupAutoDocumentation                                                                        :        1 samples, Peak.   877 us (1.0x), Avg.   877 us, Total. 877.1 us (0.0%)
[Performance] Application.Shutdown.ShaderNameManagerDestroy                                                                        :        1 samples, Peak.   308 us (1.0x), Avg.   308 us, Total. 308.4 us (0.0%)
[Performance] Application.Shutdown.CleanupCacheServer                                                                              :        1 samples, Peak.   208 ns (1.0x), Avg.   208 ns, Total. 208.0 ns (0.0%)
[Performance] Application.Shutdown.Virtualization_Shutdown                                                                         :        1 samples, Peak.  23.9 us (1.0x), Avg.  23.9 us, Total. 23.87 us (0.0%)
[Performance] Application.Shutdown.DevConnections                                                                                  :        1 samples, Peak.   210 us (1.0x), Avg.   210 us, Total. 210.3 us (0.0%)
Exiting batchmode successfully now!
[Package Manager] Server::Kill -- Server was shutdown
