{
  "caseCount": 28,
  "editorReplays": [
    {
      "path": "/Users/ah/GitHub/hybridclr/hybridclr_demo_shadow/_temp/AssemblyShadow/M06Fixtures-d2d7a7fee8464070a71b94ee1c6ae362/m06-editor-replay.json",
      "sha256": "8cf77178cd4e79ac03ddbfa20c283dfb390a5013449f55ed4d71fa987f57da84"
    },
    {
      "path": "/Users/ah/GitHub/hybridclr/hybridclr_demo_shadow/_temp/AssemblyShadow/M06Fixtures-0a71fdad264946c7a4d65a7f07ee2a0f/m06-editor-replay.json",
      "sha256": "fb0a87cd48bc2fa2306b841ab48b81ee26d24bda835ac92a07619c29806db357"
    }
  ],
  "fixtureManifestSha256": "21a9d2aa2f4b9caef4f9df9d426ee41fd351de430ecad8e1ac6fbead34151a4b",
  "milestone": "M06",
  "releaseFixtureManifestSha256": "21d1b632199c25cfa71a22e1aa11251584367a7c82ac0a92e757a24883d3769c",
  "result": "Passed",
  "results": [
    {
      "mode": "T06-01-New-P01",
      "path": "/Users/ah/GitHub/hybridclr/hybridclr_demo_shadow/_temp/AssemblyShadow/M06Results-final-v8/Results/m06-T06-01-New-P01.json",
      "processId": 3113,
      "sha256": "c734011ce5d94bc7ba899cb678fad06b24a62717d8d0148a8869f319f2894f6d"
    },
    {
      "mode": "T06-01-New-P02",
      "path": "/Users/ah/GitHub/hybridclr/hybridclr_demo_shadow/_temp/AssemblyShadow/M06Results-final-v8/Results/m06-T06-01-New-P02.json",
      "processId": 3363,
      "sha256": "180e2ce133a26e715c4204915ff58ee859f755deec4af2c7f4627deb17434e5a"
    },
    {
      "mode": "T06-01-New-P03",
      "path": "/Users/ah/GitHub/hybridclr/hybridclr_demo_shadow/_temp/AssemblyShadow/M06Results-final-v8/Results/m06-T06-01-New-P03.json",
      "processId": 3455,
      "sha256": "51fbbc43b980aee72bdcd6556b25fab8af7b360b748696a9f043a5d22a5f2911"
    },
    {
      "mode": "T06-02-Statics-P01",
      "path": "/Users/ah/GitHub/hybridclr/hybridclr_demo_shadow/_temp/AssemblyShadow/M06Results-final-v8/Results/m06-T06-02-Statics-P01.json",
      "processId": 3656,
      "sha256": "45cb26f35c76dcad39a75632125855be49dfbf7efcaca05cfc6ac09cb40f4b06"
    },
    {
      "mode": "T06-02-Statics-P02",
      "path": "/Users/ah/GitHub/hybridclr/hybridclr_demo_shadow/_temp/AssemblyShadow/M06Results-final-v8/Results/m06-T06-02-Statics-P02.json",
      "processId": 3840,
      "sha256": "a1f9f47b272d4a0c864e52852efb8d2d1087ba4dac80d53835dde3ee7b2bde92"
    },
    {
      "mode": "T06-02-Statics-P03",
      "path": "/Users/ah/GitHub/hybridclr/hybridclr_demo_shadow/_temp/AssemblyShadow/M06Results-final-v8/Results/m06-T06-02-Statics-P03.json",
      "processId": 4024,
      "sha256": "8047af17b4ad162cc672cf9961f65a99da3d5ae4927d93b7778e573925f91ca4"
    },
    {
      "mode": "T06-03-P01",
      "path": "/Users/ah/GitHub/hybridclr/hybridclr_demo_shadow/_temp/AssemblyShadow/M06Results-final-v8/Results/m06-T06-03-P01.json",
      "processId": 4116,
      "sha256": "40ed5aa637463a90f9b74bca816c945f5c1052392fc27ced72c000f2cceee019"
    },
    {
      "mode": "T06-04-P02",
      "path": "/Users/ah/GitHub/hybridclr/hybridclr_demo_shadow/_temp/AssemblyShadow/M06Results-final-v8/Results/m06-T06-04-P02.json",
      "processId": 4299,
      "sha256": "3ffb540cae5026cec8516054faa02c56ac511d0901ccbd5cad13404a6d8c37ce"
    },
    {
      "mode": "T06-05-P03",
      "path": "/Users/ah/GitHub/hybridclr/hybridclr_demo_shadow/_temp/AssemblyShadow/M06Results-final-v8/Results/m06-T06-05-P03.json",
      "processId": 4487,
      "sha256": "0791ca45a4dcc549afae0995621802864d04fbc0b62d0adb8a273c5fa0c6a8c7"
    },
    {
      "mode": "T06-06-Delegates-P01",
      "path": "/Users/ah/GitHub/hybridclr/hybridclr_demo_shadow/_temp/AssemblyShadow/M06Results-final-v8/Results/m06-T06-06-Delegates-P01.json",
      "processId": 4668,
      "sha256": "400da7b8df95896ec63b97f94feb1d7f070a1e17a60ece7770afd06c2da8990b"
    },
    {
      "mode": "T06-06-Delegates-P02",
      "path": "/Users/ah/GitHub/hybridclr/hybridclr_demo_shadow/_temp/AssemblyShadow/M06Results-final-v8/Results/m06-T06-06-Delegates-P02.json",
      "processId": 4759,
      "sha256": "218d907675a4529efdc8ee1afc42c9539c3aa1ffa2d697fb28263d2f0bd345a4"
    },
    {
      "mode": "T06-06-Delegates-P03",
      "path": "/Users/ah/GitHub/hybridclr/hybridclr_demo_shadow/_temp/AssemblyShadow/M06Results-final-v8/Results/m06-T06-06-Delegates-P03.json",
      "processId": 4936,
      "sha256": "94150d487468dcffe259d08224cb0d666f368cdaf3e57d50aff7cd66407296a6"
    },
    {
      "mode": "T06-07-Generics-P01",
      "path": "/Users/ah/GitHub/hybridclr/hybridclr_demo_shadow/_temp/AssemblyShadow/M06Results-final-v8/Results/m06-T06-07-Generics-P01.json",
      "processId": 5115,
      "sha256": "4c4f457b11307797483a7d4551d61e98b9b001f7ca47ad1052bc16212f260e32"
    },
    {
      "mode": "T06-07-Generics-P02",
      "path": "/Users/ah/GitHub/hybridclr/hybridclr_demo_shadow/_temp/AssemblyShadow/M06Results-final-v8/Results/m06-T06-07-Generics-P02.json",
      "processId": 5294,
      "sha256": "9c83fee5e264fd830a949aa93d6ca598aa0e6855b5ccb4725887323466093708"
    },
    {
      "mode": "T06-07-Generics-P03",
      "path": "/Users/ah/GitHub/hybridclr/hybridclr_demo_shadow/_temp/AssemblyShadow/M06Results-final-v8/Results/m06-T06-07-Generics-P03.json",
      "processId": 5473,
      "sha256": "03bdcee10b8edffa501f4378ba0f5102e9bc8b276f93e6820727e66dbbdd1ef7"
    },
    {
      "mode": "T06-08-Async-P01",
      "path": "/Users/ah/GitHub/hybridclr/hybridclr_demo_shadow/_temp/AssemblyShadow/M06Results-final-v8/Results/m06-T06-08-Async-P01.json",
      "processId": 5560,
      "sha256": "e7ab43ffbbf9e9ccf93c7f4e222dc41be422b6dfa0146cf9fab566c7665b88d7"
    },
    {
      "mode": "T06-08-Async-P02",
      "path": "/Users/ah/GitHub/hybridclr/hybridclr_demo_shadow/_temp/AssemblyShadow/M06Results-final-v8/Results/m06-T06-08-Async-P02.json",
      "processId": 5739,
      "sha256": "1abb4533260ad092a7338d868243572199085c1b36525d7dffb3922c18cfadc1"
    },
    {
      "mode": "T06-08-Async-P03",
      "path": "/Users/ah/GitHub/hybridclr/hybridclr_demo_shadow/_temp/AssemblyShadow/M06Results-final-v8/Results/m06-T06-08-Async-P03.json",
      "processId": 5916,
      "sha256": "180f7b60d00d0c3132402dc5eee138297ddea155053fd492cc9ccb7a3b828e85"
    },
    {
      "mode": "T06-09-BaselineRecovery",
      "path": "/Users/ah/GitHub/hybridclr/hybridclr_demo_shadow/_temp/AssemblyShadow/M06Results-final-v8/Results/m06-T06-09-BaselineRecovery.json",
      "processId": 6188,
      "sha256": "7983f72739ee8a1bf988e6b7027489a042242029c8f3919e3c3a79dff0d51ca4"
    },
    {
      "mode": "T06-09-InitializerFailure",
      "path": "/Users/ah/GitHub/hybridclr/hybridclr_demo_shadow/_temp/AssemblyShadow/M06Results-final-v8/Results/m06-T06-09-InitializerFailure.json",
      "processId": 6098,
      "sha256": "a8309aac1be846db4e1c47634d80b64bcd964a83f39b1c7397e4d8b8c45c3d75"
    },
    {
      "mode": "T06-10-Warmup-P01",
      "path": "/Users/ah/GitHub/hybridclr/hybridclr_demo_shadow/_temp/AssemblyShadow/M06Results-final-v8/Results/m06-T06-10-Warmup-P01.json",
      "processId": 6369,
      "sha256": "5ce4b0ea6386ecb9ade8ebb7f3c5bff17c631a9ac89a5daf1c8d079213f3e2a2"
    },
    {
      "mode": "T06-10-Warmup-P02",
      "path": "/Users/ah/GitHub/hybridclr/hybridclr_demo_shadow/_temp/AssemblyShadow/M06Results-final-v8/Results/m06-T06-10-Warmup-P02.json",
      "processId": 6577,
      "sha256": "b98b8ee1ca6f2eda2e01d383d78dfb6682422158d508f6e27448d27f91538904"
    },
    {
      "mode": "T06-10-Warmup-P03",
      "path": "/Users/ah/GitHub/hybridclr/hybridclr_demo_shadow/_temp/AssemblyShadow/M06Results-final-v8/Results/m06-T06-10-Warmup-P03.json",
      "processId": 6779,
      "sha256": "26b370f566639353d4afe80a9a5fe59c63a3bea6656650611cdcdcd5b8990ff8"
    },
    {
      "mode": "T06-11-FeatureOff",
      "path": "/Users/ah/GitHub/hybridclr/hybridclr_demo_shadow/_temp/AssemblyShadow/M06Results-final-v8/Results/m06-T06-11-FeatureOff.json",
      "processId": 6875,
      "sha256": "6566e01fe2a13d73c9f279b7edb2a64af07849007c16d0246068dc28dd4cc9ad"
    },
    {
      "mode": "T06-12-NoWarmup-P01",
      "path": "/Users/ah/GitHub/hybridclr/hybridclr_demo_shadow/_temp/AssemblyShadow/M06Results-final-v8/Results/m06-T06-12-NoWarmup-P01.json",
      "processId": 6999,
      "sha256": "5be57e35670a4315a84abe9d52dc56c06d7a8dcbb7f40afd2617b5738bd95824"
    },
    {
      "mode": "T06-12-NoWarmup-P02",
      "path": "/Users/ah/GitHub/hybridclr/hybridclr_demo_shadow/_temp/AssemblyShadow/M06Results-final-v8/Results/m06-T06-12-NoWarmup-P02.json",
      "processId": 7090,
      "sha256": "2cde9b09896aa9b7c77faa2dbf23d565eb83cdfe7d0fead2eb44c51a7796950a"
    },
    {
      "mode": "T06-12-NoWarmup-P03",
      "path": "/Users/ah/GitHub/hybridclr/hybridclr_demo_shadow/_temp/AssemblyShadow/M06Results-final-v8/Results/m06-T06-12-NoWarmup-P03.json",
      "processId": 7273,
      "sha256": "f83db53f73163be3d0a3ea05cee30aa1114aa17c189e7b69c4d93ceb2b4c001b"
    },
    {
      "mode": "T06-13-ReleaseNoPdb",
      "path": "/Users/ah/GitHub/hybridclr/hybridclr_demo_shadow/_temp/AssemblyShadow/M06Results-final-v8/Results/m06-T06-13-ReleaseNoPdb.json",
      "processId": 7456,
      "sha256": "c872bf12a889d39d38515e10a41b6b10150b34f6b6924c38cee17fbfda0a67c5"
    }
  ],
  "schemaVersion": 1
}
