[INFO] Unity: /Applications/Unity/Hub/Editor/2022.3.62f2/Unity.app/Contents/MacOS/Unity
[INFO] Project: /Users/ah/GitHub/hybridclr/hybridclr_demo_shadow
[INFO] Method: AssemblyShadowDemo.Editor.M06Build.PrepareGenerationInputs
[INFO] Log: /Users/ah/GitHub/hybridclr/hybridclr_demo_shadow/_temp/UnityExec_20260905_222007.log
[SUCCESS] Unity method completed.

=== Log Tail ===
[Performance] Application.SyncCurrentColorSpace                                                                                    :        1 samples, Peak.   134 ms (1.0x), Avg.   134 ms, Total. 133.5 ms (0.0%)
[Performance] Application.OnUsbDevicesChanged                                                                                      :        1 samples, Peak.   463 us (1.0x), Avg.   463 us, Total. 462.7 us (0.0%)
[Performance] Application.AssetInstanceCacheUpdate                                                                                 :        1 samples, Peak.   250 ns (1.0x), Avg.   250 ns, Total. 250.0 ns (0.0%)
[Performance] Application.UnityExtensions.Initialize                                                                               :        1 samples, Peak.  8.91 ms (1.0x), Avg.  8.91 ms, Total. 8.905 ms (0.0%)
[Performance] CodeEditorProjectSync.SyncEditorProject                                                                              :        1 samples, Peak.   145 ms (1.0x), Avg.   145 ms, Total. 144.9 ms (0.0%)
[Performance] Application.ExecuteStartups                                                                                          :        1 samples, Peak.  48.0 ms (1.0x), Avg.  48.0 ms, Total. 47.99 ms (0.0%)
[Performance] Menu.RegisterMenuInterface                                                                                           :       26 samples, Peak.   875 ns (5.7x), Avg.   152 ns, Total. 3.960 us (0.0%)
[Performance] Gizmo.RebuildRenderers                                                                                               :        6 samples, Peak.  46.3 ms (1.9x), Avg.  24.8 ms, Total. 149.0 ms (0.0%)
[Performance] Gizmo.AddGizmoRenderers                                                                                              :      768 samples, Peak.  4.27 ms (179.9x), Avg.  23.7 us, Total. 18.22 ms (0.0%)
[Performance] Application.editorInitializingProject                                                                                :        1 samples, Peak.  13.5 ms (1.0x), Avg.  13.5 ms, Total. 13.49 ms (0.0%)
[Performance] Application.InitializeMenu                                                                                           :        1 samples, Peak.  1.44 s (1.0x), Avg.  1.44 s, Total. 1.445 s (0.0%)
[Performance] Menu.RebuildAll                                                                                                      :        1 samples, Peak.  1.44 s (1.0x), Avg.  1.44 s, Total. 1.445 s (0.0%)
[Performance] Menu.BuildRegisteredMenuInterfaces                                                                                   :        1 samples, Peak.  1.44 s (1.0x), Avg.  1.44 s, Total. 1.439 s (0.0%)
[Performance] Menu.FilterMenuItem                                                                                                  :      763 samples, Peak.  72.7 ms (760.5x), Avg.  95.6 us, Total. 72.98 ms (0.0%)
[Performance] UpdateAllMenus                                                                                                       :        1 samples, Peak.   516 us (1.0x), Avg.   516 us, Total. 516.3 us (0.0%)
[Performance] EditorSceneManager.sceneClosing: UnityEditor.SceneVisibilityManager.EditorSceneManagerOnSceneClosing                 :       22 samples, Peak.   232 us (16.6x), Avg.  14.0 us, Total. 308.5 us (0.0%)
[Performance] GUIView.RepaintAll.PlayerLoopController                                                                              :       16 samples, Peak.  3.71 us (2.6x), Avg.  1.41 us, Total. 22.62 us (0.0%)
[Performance] EditorSceneManager.newSceneCreated: UnityEditor.SceneTemplate.SceneTemplateService.OnNewSceneCreated                 :       11 samples, Peak.   212 us (10.0x), Avg.  21.2 us, Total. 232.7 us (0.0%)
[Performance] EditorSceneManager.newSceneCreated: UnityEditor.SceneVisibilityManager.EditorSceneManagerOnNewSceneCreated           :       11 samples, Peak.   131 us (6.6x), Avg.  19.9 us, Total. 218.7 us (0.0%)
[Performance] EditorSceneManager.newSceneCreated: UnityEditor.SceneManagement.StageNavigationManager.OnNewSceneCreated             :       11 samples, Peak.  52.7 us (7.8x), Avg.  6.75 us, Total. 74.21 us (0.0%)
[Performance] Application.InvokeFinishedLoadingProject                                                                             :        1 samples, Peak.  17.1 ms (1.0x), Avg.  17.1 ms, Total. 17.07 ms (0.0%)
[Performance] ProcessService.OnProjectLoaded                                                                                       :        1 samples, Peak.  63.3 us (1.0x), Avg.  63.3 us, Total. 63.29 us (0.0%)
[Performance] VersionControl.Task.Wait                                                                                             :        1 samples, Peak.  9.83 us (1.0x), Avg.  9.83 us, Total. 9.833 us (0.0%)
[Performance] AssetDatabase.Refresh                                                                                                :        7 samples, Peak.   669 ms (2.9x), Avg.   227 ms, Total. 1.591 s (0.0%)
[Performance] PaletteAssetModificationProcessor.OnWillSaveAssets                                                                   :       10 samples, Peak.  1.17 ms (9.2x), Avg.   128 us, Total. 1.278 ms (0.0%)
[Performance] StateMacroSavedEvent.OnWillSaveAssets                                                                                :       10 samples, Peak.   158 us (4.3x), Avg.  36.8 us, Total. 367.5 us (0.0%)
[Performance] FlowMacroSavedEvent.OnWillSaveAssets                                                                                 :       10 samples, Peak.  87.4 us (6.2x), Avg.  14.1 us, Total. 141.1 us (0.0%)
[Performance] AssetModificationProcessor.OnWillSaveAssets                                                                          :       10 samples, Peak.   145 us (9.1x), Avg.  15.9 us, Total. 158.5 us (0.0%)
[Performance] UnityCloudProjectLinkMonitor.OnWillSaveAssets                                                                        :       10 samples, Peak.   199 us (9.4x), Avg.  21.1 us, Total. 211.0 us (0.0%)
[Performance] BuilderAssetModificationProcessor.OnWillSaveAssets                                                                   :       10 samples, Peak.   265 us (9.1x), Avg.  29.1 us, Total. 290.6 us (0.0%)
[Performance] TerrainModificationProcessor.OnWillSaveAssets                                                                        :       10 samples, Peak.   396 us (9.5x), Avg.  41.9 us, Total. 418.5 us (0.0%)
[Performance] AssetDatabase.ImportAssets                                                                                           :       37 samples, Peak.   155 ms (11.4x), Avg.  13.6 ms, Total. 504.2 ms (0.0%)
[Performance] ShaderImporter.SourceAssetModified                                                                                   :       12 samples, Peak.  1.12 us (2.1x), Avg.   542 ns, Total. 6.498 us (0.0%)
[Performance] ShaderIncludeImporter.SourceAssetModified                                                                            :       12 samples, Peak.  1.46 us (1.5x), Avg.   958 ns, Total. 11.50 us (0.0%)
[Performance] PSDImporterAssetPostProcessor.OnPreprocessAsset                                                                      :       19 samples, Peak.   215 us (10.1x), Avg.  21.3 us, Total. 405.2 us (0.0%)
[Performance] PresetManagerPostProcessor.OnPreprocessAsset                                                                         :       19 samples, Peak.   205 us (11.9x), Avg.  17.3 us, Total. 328.0 us (0.0%)
[Performance] CancelSplashScreenOnAssetChange.OnPreprocessAsset                                                                    :       19 samples, Peak.   369 us (9.3x), Avg.  39.7 us, Total. 754.3 us (0.0%)
[Performance] ShaderGraphAssetPostProcessor.OnPreprocessAsset                                                                      :       19 samples, Peak.   155 us (13.6x), Avg.  11.4 us, Total. 216.2 us (0.0%)
[Performance] SpritePostProcess.OnPreprocessAsset                                                                                  :       19 samples, Peak.  1.27 ms (14.6x), Avg.  87.0 us, Total. 1.652 ms (0.0%)
[Performance] TMPro_TexturePostProcessor.OnPostprocessAllAssets                                                                    :       34 samples, Peak.   275 us (6.2x), Avg.  44.1 us, Total. 1.500 ms (0.0%)
[Performance] AssetPostprocessor.OnPostprocessAllAssets                                                                            :       34 samples, Peak.   476 us (10.0x), Avg.  47.5 us, Total. 1.616 ms (0.0%)
[Performance] BuilderAssetPostprocessor.OnPostprocessAllAssets                                                                     :       34 samples, Peak.  2.57 ms (13.4x), Avg.   192 us, Total. 6.525 ms (0.0%)
[Performance] ArtifactBrowserPostProcessor.OnPostprocessAllAssets                                                                  :       34 samples, Peak.   332 us (13.2x), Avg.  25.2 us, Total. 858.0 us (0.0%)
[Performance] AssetEvents.OnPostprocessAllAssets                                                                                   :       68 samples, Peak.   141 us (14.3x), Avg.  9.86 us, Total. 670.2 us (0.0%)
[Performance] AudioMixerPostprocessor.OnPostprocessAllAssets                                                                       :       34 samples, Peak.   215 us (14.0x), Avg.  15.4 us, Total. 523.8 us (0.0%)
[Performance] StyleCatalogPostProcessor.OnPostprocessAllAssets                                                                     :       34 samples, Peak.  20.4 ms (16.8x), Avg.  1.21 ms, Total. 41.27 ms (0.0%)
[Performance] BuildCatalog                                                                                                         :        1 samples, Peak.  19.7 ms (1.0x), Avg.  19.7 ms, Total. 19.67 ms (0.0%)
[Performance] ModelImporterPostProcessor.OnPostprocessAllAssets                                                                    :       34 samples, Peak.   662 us (8.5x), Avg.  77.5 us, Total. 2.635 ms (0.0%)
[Performance] MaterialPostprocessor.OnPostprocessAllAssets                                                                         :       68 samples, Peak.   547 us (14.5x), Avg.  37.8 us, Total. 2.567 ms (0.0%)
[Performance] RetainedModeAssetPostprocessor.OnPostprocessAllAssets                                                                :       34 samples, Peak.  1.49 ms (14.4x), Avg.   104 us, Total. 3.532 ms (0.0%)
[Performance] AssetChangedListener.OnPostprocessAllAssets                                                                          :       34 samples, Peak.   917 us (6.5x), Avg.   141 us, Total. 4.806 ms (0.0%)
[Performance] PostProcessor.OnPostprocessAllAssets                                                                                 :       34 samples, Peak.   165 us (8.3x), Avg.  19.9 us, Total. 677.8 us (0.0%)
[Performance] ShaderGraphAssetPostProcessor.OnPostprocessAllAssets                                                                 :       34 samples, Peak.  1.08 ms (7.9x), Avg.   136 us, Total. 4.626 ms (0.0%)
[Performance] SpeedTreePostProcessor.OnPostprocessAllAssets                                                                        :       34 samples, Peak.   107 us (8.1x), Avg.  13.1 us, Total. 446.5 us (0.0%)
[Performance] TextAssetPostProcessor.OnPostprocessAllAssets                                                                        :       34 samples, Peak.   257 us (11.2x), Avg.  23.0 us, Total. 783.0 us (0.0%)
[Performance] AssetProcessor.OnPostprocessAllAssets                                                                                :      102 samples, Peak.   493 us (18.1x), Avg.  27.3 us, Total. 2.788 ms (0.0%)
[Performance] SpriteLibraryAssetPostprocessor.OnPostprocessAllAssets                                                               :       34 samples, Peak.   148 us (12.6x), Avg.  11.7 us, Total. 398.4 us (0.0%)
[Performance] PSDImporterAssetPostProcessor.OnPostprocessAllAssets                                                                 :       34 samples, Peak.  58.8 us (10.2x), Avg.  5.75 us, Total. 195.6 us (0.0%)
[Performance] PSDImportPostProcessor.OnPostprocessAllAssets                                                                        :       34 samples, Peak.  79.7 us (11.1x), Avg.  7.20 us, Total. 244.7 us (0.0%)
[Performance] SpriteEditorTexturePostprocessor.OnPostprocessAllAssets                                                              :       34 samples, Peak.  1.46 ms (7.0x), Avg.   208 us, Total. 7.080 ms (0.0%)
[Performance] SpriteShapeAssetPostProcessor.OnPostprocessAllAssets                                                                 :       34 samples, Peak.   535 us (6.1x), Avg.  88.1 us, Total. 2.995 ms (0.0%)
[Performance] EditorSceneManager.sceneOpening: UnityEditor.SceneVisibilityManager.EditorSceneManagerOnSceneOpening                 :        1 samples, Peak.   109 us (1.0x), Avg.   109 us, Total. 109.3 us (0.0%)
[Performance] Inspector.InitOrRebuild                                                                                              :       16 samples, Peak.  1.49 ms (4.4x), Avg.   343 us, Total. 5.481 ms (0.0%)
[Performance] EditorSceneManager.sceneOpened: UnityEditor.SceneTemplate.SceneTemplateService.OnSceneOpened                         :        6 samples, Peak.   181 us (5.7x), Avg.  31.6 us, Total. 189.8 us (0.0%)
[Performance] EditorSceneManager.sceneOpened: UnityEditor.SceneVisibilityManager.EditorSceneManagerOnSceneOpened                   :        6 samples, Peak.  1.09 ms (4.2x), Avg.   258 us, Total. 1.546 ms (0.0%)
[Performance] EditorSceneManager.sceneOpened: UnityEditor.SceneManagement.StageNavigationManager.OnSceneOpened                     :        6 samples, Peak.  37.7 us (4.0x), Avg.  9.40 us, Total. 56.42 us (0.0%)
[Performance] EditorSceneManager.sceneSaving: callback in UnityEditor.U2D.SpriteShapeUpdateCache                                   :        1 samples, Peak.   381 us (1.0x), Avg.   381 us, Total. 381.5 us (0.0%)
[Performance] EditorSceneManager.sceneSaving: UnityEditor.SceneTemplate.SceneTemplateService.OnSceneSaving                         :        1 samples, Peak.   200 us (1.0x), Avg.   200 us, Total. 200.1 us (0.0%)
[Performance] EditorSceneManager.sceneSaving: UnityEditor.SceneVisibilityManager.EditorSceneManagerOnSceneSaving                   :        1 samples, Peak.  84.9 us (1.0x), Avg.  84.9 us, Total. 84.87 us (0.0%)
[Performance] PaletteAssetModificationProcessor.OnWillCreateAsset                                                                  :        1 samples, Peak.  83.4 us (1.0x), Avg.  83.4 us, Total. 83.38 us (0.0%)
[Performance] MaterialModificationProcessor.OnWillCreateAsset                                                                      :        2 samples, Peak.   158 us (1.2x), Avg.   129 us, Total. 258.3 us (0.0%)
[Performance] BuilderAssetModificationProcessor.OnWillCreateAsset                                                                  :        1 samples, Peak.   187 us (1.0x), Avg.   187 us, Total. 186.5 us (0.0%)
[Performance] AssetDatabase.ImportAsset                                                                                            :        7 samples, Peak.   432 ms (3.5x), Avg.   123 ms, Total. 863.3 ms (0.0%)
[Performance] EditorSceneManager.sceneSaved: UnityEditor.SceneTemplate.SceneTemplateService.OnSceneSaved                           :        1 samples, Peak.  61.9 ms (1.0x), Avg.  61.9 ms, Total. 61.95 ms (0.0%)
[Performance] EditorSceneManager.sceneSaved: UnityEditor.SceneVisibilityManager.EditorSceneManagerOnSceneSaved                     :        1 samples, Peak.  80.0 us (1.0x), Avg.  80.0 us, Total. 80.04 us (0.0%)
[Performance] Application.Message                                                                                                  :      139 samples, Peak.  5.67 us (6.9x), Avg.   823 ns, Total. 114.4 us (0.0%)
[Performance] Application.Idle                                                                                                     :      139 samples, Peak.  34.0 ms (1.2x), Avg.  29.1 ms, Total. 4.041 s (0.0%)
[Performance] GenerateAssemblyTypeInfos                                                                                            :       20 samples, Peak.  41.6 ms (1.5x), Avg.  27.3 ms, Total. 545.8 ms (0.0%)
[Performance] TimelineAnalyticsProcess.OnProcessScene                                                                              :        5 samples, Peak.  1.06 ms (4.6x), Avg.   229 us, Total. 1.143 ms (0.0%)
[Performance] UnityBuildPostprocessor.OnProcessScene                                                                               :        5 samples, Peak.   371 us (3.5x), Avg.   106 us, Total. 530.2 us (0.0%)
[Performance] EditorApplication.quitting: Unity.Burst.Editor.BurstLoader.OnEditorApplicationQuitting                               :        1 samples, Peak.   841 us (1.0x), Avg.   841 us, Total. 840.9 us (0.0%)
[Performance] EditorApplication.quitting: MCPForUnity.Editor.Services.McpEditorShutdownCleanup.OnEditorQuitting                    :        1 samples, Peak.  8.22 ms (1.0x), Avg.  8.22 ms, Total. 8.223 ms (0.0%)
[Performance] EditorApplication.quitting: MCPForUnity.Editor.Services.StdioBridgeReloadHandler.CancelRetries                       :        1 samples, Peak.   180 us (1.0x), Avg.   180 us, Total. 180.5 us (0.0%)
[Performance] EditorApplication.quitting: UnityEditor.Tilemaps.SceneViewGridManager.EditorQuitting                                 :        1 samples, Peak.  2.07 ms (1.0x), Avg.  2.07 ms, Total. 2.071 ms (0.0%)
[Performance] EditorApplication.quitting: callback in UnityEditor.TextCore.Text.EditorEventCallbacks                               :        1 samples, Peak.   242 ms (1.0x), Avg.   242 ms, Total. 242.0 ms (0.0%)
[Performance] Killing ADB server                                                                                                   :        1 samples, Peak.   273 ms (1.0x), Avg.   273 ms, Total. 272.6 ms (0.0%)
[Performance] Application.Shutdown.PauseProfilerSession                                                                            :        1 samples, Peak.  51.2 us (1.0x), Avg.  51.2 us, Total. 51.21 us (0.0%)
[Performance] Application.Shutdown.PauseAssetImportWorkers                                                                         :        1 samples, Peak.   295 us (1.0x), Avg.   295 us, Total. 295.1 us (0.0%)
[Performance] Application.Shutdown.SaveAssets                                                                                      :        1 samples, Peak.  27.5 ms (1.0x), Avg.  27.5 ms, Total. 27.47 ms (0.0%)
[Performance] Application.Shutdown.CleanupRenderPipeline                                                                           :        1 samples, Peak.   216 us (1.0x), Avg.   216 us, Total. 216.0 us (0.0%)
[Performance] Application.Shutdown.StopPreloadManager                                                                              :        1 samples, Peak.  11.1 ms (1.0x), Avg.  11.1 ms, Total. 11.10 ms (0.0%)
[Performance] Application.Shutdown.DestroyWorld                                                                                    :        1 samples, Peak.  4.77 ms (1.0x), Avg.  4.77 ms, Total. 4.772 ms (0.0%)
[Performance] Application.Shutdown.CleanupAfterLoad                                                                                :        1 samples, Peak.   150 ms (1.0x), Avg.   150 ms, Total. 150.2 ms (0.0%)
[Performance] Application.Shutdown.Progress                                                                                        :        1 samples, Peak.  1.36 ms (1.0x), Avg.  1.36 ms, Total. 1.360 ms (0.0%)
[Performance] Application.Shutdown.GICleanupManagers                                                                               :        1 samples, Peak.  8.38 ms (1.0x), Avg.  8.38 ms, Total. 8.382 ms (0.0%)
[Performance] Application.Shutdown.MenuCleanupClass                                                                                :        1 samples, Peak.   242 us (1.0x), Avg.   242 us, Total. 241.7 us (0.0%)
[Performance] Application.Shutdown.ADBSaveStateBeforeShutdown                                                                      :        1 samples, Peak.  13.2 us (1.0x), Avg.  13.2 us, Total. 13.21 us (0.0%)
[Performance] Application.Shutdown.RemoteShutdown                                                                                  :        1 samples, Peak.  18.0 us (1.0x), Avg.  18.0 us, Total. 18.00 us (0.0%)
[Performance] Application.Shutdown.CleanupVCProvider                                                                               :        1 samples, Peak.   453 us (1.0x), Avg.   453 us, Total. 452.7 us (0.0%)
[Performance] Application.Shutdown.InputShutdown                                                                                   :        1 samples, Peak.   627 us (1.0x), Avg.   627 us, Total. 626.7 us (0.0%)
[Performance] Application.Shutdown.GizmoManagerDestroy                                                                             :        1 samples, Peak.  1.38 ms (1.0x), Avg.  1.38 ms, Total. 1.383 ms (0.0%)
[Performance] Application.Shutdown.ProfilerSession                                                                                 :        1 samples, Peak.  2.15 ms (1.0x), Avg.  2.15 ms, Total. 2.149 ms (0.0%)
[Performance] Application.Shutdown.ReleaseGfxWindowOnAllGUIViews                                                                   :        1 samples, Peak.  1.50 us (1.0x), Avg.  1.50 us, Total. 1.500 us (0.0%)
[Performance] Application.Shutdown.CleanupEngine                                                                                   :        1 samples, Peak.   361 ms (1.0x), Avg.   361 ms, Total. 360.6 ms (0.0%)
[Performance] Application.Shutdown.CleanupAssetDatabase                                                                            :        1 samples, Peak.  12.0 ms (1.0x), Avg.  12.0 ms, Total. 11.96 ms (0.0%)
[Performance] Application.Shutdown.ScriptCompilationCleanUp                                                                        :        1 samples, Peak.  16.5 us (1.0x), Avg.  16.5 us, Total. 16.54 us (0.0%)
[Performance] Application.Shutdown.DestroyJobSystem                                                                                :        1 samples, Peak.  1.26 ms (1.0x), Avg.  1.26 ms, Total. 1.259 ms (0.0%)
[Performance] Application.Shutdown.CleanupPersistentManager                                                                        :        1 samples, Peak.  4.50 ms (1.0x), Avg.  4.50 ms, Total. 4.502 ms (0.0%)
[Performance] Application.Shutdown.CleanupAsyncReadManager                                                                         :        1 samples, Peak.   658 us (1.0x), Avg.   658 us, Total. 658.5 us (0.0%)
[Performance] Application.Shutdown.CleanupMono                                                                                     :        1 samples, Peak.   302 ms (1.0x), Avg.   302 ms, Total. 302.5 ms (0.0%)
[Performance] Application.Shutdown.CleanupStdConverters                                                                            :        1 samples, Peak.   177 us (1.0x), Avg.   177 us, Total. 176.6 us (0.0%)
[Performance] Application.Shutdown.UnloadAllPlatformSupportModuleNativeDlls                                                        :        1 samples, Peak.   155 us (1.0x), Avg.   155 us, Total. 155.1 us (0.0%)
[Performance] Application.Shutdown.UnloadAllPlatformSupportNativeLibraries                                                         :        1 samples, Peak.   384 us (1.0x), Avg.   384 us, Total. 383.6 us (0.0%)
[Performance] Application.Shutdown.CleanupAutoDocumentation                                                                        :        1 samples, Peak.   734 us (1.0x), Avg.   734 us, Total. 733.6 us (0.0%)
[Performance] Application.Shutdown.ShaderNameManagerDestroy                                                                        :        1 samples, Peak.   194 us (1.0x), Avg.   194 us, Total. 194.4 us (0.0%)
[Performance] Application.Shutdown.CleanupCacheServer                                                                              :        1 samples, Peak.   166 ns (1.0x), Avg.   166 ns, Total. 166.0 ns (0.0%)
[Performance] Application.Shutdown.Virtualization_Shutdown                                                                         :        1 samples, Peak.   333 ns (1.0x), Avg.   333 ns, Total. 333.0 ns (0.0%)
[Performance] Application.Shutdown.DevConnections                                                                                  :        1 samples, Peak.   221 us (1.0x), Avg.   221 us, Total. 220.5 us (0.0%)
Exiting batchmode successfully now!
[Package Manager] Server::Kill -- Server was shutdown
