T06-01-New-P01 started pid=3113
T06-01-New-P01 Passed exit=0
T06-01-New-P02 started pid=3363
T06-01-New-P02 Passed exit=0
T06-01-New-P03 started pid=3455
T06-01-New-P03 Passed exit=0
T06-02-Statics-P01 started pid=3656
T06-02-Statics-P01 Passed exit=0
T06-02-Statics-P02 started pid=3840
T06-02-Statics-P02 Passed exit=0
T06-02-Statics-P03 started pid=4024
T06-02-Statics-P03 Passed exit=0
T06-03-P01 started pid=4116
T06-03-P01 Passed exit=0
T06-04-P02 started pid=4299
T06-04-P02 Passed exit=0
T06-05-P03 started pid=4487
T06-05-P03 Passed exit=0
T06-06-Delegates-P01 started pid=4668
T06-06-Delegates-P01 Passed exit=0
T06-06-Delegates-P02 started pid=4759
T06-06-Delegates-P02 Passed exit=0
T06-06-Delegates-P03 started pid=4936
T06-06-Delegates-P03 Passed exit=0
T06-07-Generics-P01 started pid=5115
T06-07-Generics-P01 Passed exit=0
T06-07-Generics-P02 started pid=5294
T06-07-Generics-P02 Passed exit=0
T06-07-Generics-P03 started pid=5473
T06-07-Generics-P03 Passed exit=0
T06-08-Async-P01 started pid=5560
T06-08-Async-P01 Passed exit=0
T06-08-Async-P02 started pid=5739
T06-08-Async-P02 Passed exit=0
T06-08-Async-P03 started pid=5916
T06-08-Async-P03 Passed exit=0
T06-09-InitializerFailure started pid=6098
T06-09-InitializerFailure Passed exit=0
T06-09-BaselineRecovery started pid=6188
T06-09-BaselineRecovery Passed exit=0
T06-10-Warmup-P01 started pid=6369
T06-10-Warmup-P01 Passed exit=0
T06-10-Warmup-P02 started pid=6577
T06-10-Warmup-P02 Passed exit=0
T06-10-Warmup-P03 started pid=6779
T06-10-Warmup-P03 Passed exit=0
T06-11-FeatureOff started pid=6875
T06-11-FeatureOff Passed exit=0
T06-12-NoWarmup-P01 started pid=6999
T06-12-NoWarmup-P01 Passed exit=0
T06-12-NoWarmup-P02 started pid=7090
T06-12-NoWarmup-P02 Passed exit=0
T06-12-NoWarmup-P03 started pid=7273
T06-12-NoWarmup-P03 Passed exit=0
T06-13-ReleaseNoPdb started pid=7456
T06-13-ReleaseNoPdb Passed exit=0
